2025-10-30T16:22:45.139-03:00  INFO 14400 --- [main] com.ecommerce.template.DemoApplication   : Starting DemoApplication using Java 21.0.8 with PID 14400 (C:\Users\hoffm\Documents\Importante\Progra\Giladas Mias\ecommerce-template\server\target\classes started by hoffm in C:\Users\hoffm\Documents\Importante\Progra\Giladas Mias\ecommerce-template\server)
2025-10-30T16:22:45.149-03:00  INFO 14400 --- [main] com.ecommerce.template.DemoApplication   : No active profile set, falling back to 1 default profile: "default"
2025-10-30T16:22:46.113-03:00  INFO 14400 --- [main] .s.d.r.c.RepositoryConfigurationDelegate : Bootstrapping Spring Data JPA repositories in DEFAULT mode.
2025-10-30T16:22:46.204-03:00  INFO 14400 --- [main] .s.d.r.c.RepositoryConfigurationDelegate : Finished Spring Data repository scanning in 79 ms. Found 5 JPA repository interfaces.
2025-10-30T16:22:46.917-03:00  INFO 14400 --- [main] o.s.b.w.embedded.tomcat.TomcatWebServer  : Tomcat initialized with port 8080 (http)
2025-10-30T16:22:46.944-03:00  INFO 14400 --- [main] o.apache.catalina.core.StandardService   : Starting service [Tomcat]
2025-10-30T16:22:46.945-03:00  INFO 14400 --- [main] o.apache.catalina.core.StandardEngine    : Starting Servlet engine: [Apache Tomcat/10.1.46]
2025-10-30T16:22:47.061-03:00  INFO 14400 --- [main] o.a.c.c.C.[Tomcat].[localhost].[/]       : Initializing Spring embedded WebApplicationContext
2025-10-30T16:22:47.062-03:00  INFO 14400 --- [main] w.s.c.ServletWebServerApplicationContext : Root WebApplicationContext: initialization completed in 1841 ms
2025-10-30T16:22:47.327-03:00  INFO 14400 --- [main] o.hibernate.jpa.internal.util.LogHelper  : HHH000204: Processing PersistenceUnitInfo [name: default]
2025-10-30T16:22:47.451-03:00  INFO 14400 --- [main] org.hibernate.Version                    : HHH000412: Hibernate ORM core version 6.6.29.Final
2025-10-30T16:22:47.527-03:00  INFO 14400 --- [main] o.h.c.internal.RegionFactoryInitiator    : HHH000026: Second-level cache disabled
2025-10-30T16:22:48.116-03:00  INFO 14400 --- [main] o.s.o.j.p.SpringPersistenceUnitInfo      : No LoadTimeWeaver setup: ignoring JPA class transformer
2025-10-30T16:22:48.162-03:00  INFO 14400 --- [main] com.zaxxer.hikari.HikariDataSource       : HikariPool-1 - Starting...
2025-10-30T16:22:48.566-03:00  INFO 14400 --- [main] com.zaxxer.hikari.pool.HikariPool        : HikariPool-1 - Added connection org.postgresql.jdbc.PgConnection@3b5da0b0
2025-10-30T16:22:48.570-03:00  INFO 14400 --- [main] com.zaxxer.hikari.HikariDataSource       : HikariPool-1 - Start completed.
2025-10-30T16:22:48.693-03:00  WARN 14400 --- [main] org.hibernate.orm.deprecation            : HHH90000025: PostgreSQLDialect does not need to be specified explicitly using 'hibernate.dialect' (remove the property setting and it will be selected by default)
2025-10-30T16:22:48.724-03:00  INFO 14400 --- [main] org.hibernate.orm.connections.pooling    : HHH10001005: Database info:
	Database JDBC URL [Connecting through datasource 'HikariDataSource (HikariPool-1)']
	Database driver: undefined/unknown
	Database version: 17.6
	Autocommit mode: undefined/unknown
	Isolation level: undefined/unknown
	Minimum pool size: undefined/unknown
	Maximum pool size: undefined/unknown
2025-10-30T16:22:50.049-03:00  INFO 14400 --- [main] o.h.e.t.j.p.i.JtaPlatformInitiator       : HHH000489: No JTA platform available (set 'hibernate.transaction.jta.platform' to enable JTA platform integration)
2025-10-30T16:22:50.535-03:00  INFO 14400 --- [main] j.LocalContainerEntityManagerFactoryBean : Initialized JPA EntityManagerFactory for persistence unit 'default'
2025-10-30T16:22:51.025-03:00  INFO 14400 --- [main] r$InitializeUserDetailsManagerConfigurer : Global AuthenticationManager configured with UserDetailsService bean with name userDetailsService
2025-10-30T16:22:51.122-03:00  WARN 14400 --- [main] JpaBaseConfiguration$JpaWebConfiguration : spring.jpa.open-in-view is enabled by default. Therefore, database queries may be performed during view rendering. Explicitly configure spring.jpa.open-in-view to disable this warning
2025-10-30T16:22:51.717-03:00  INFO 14400 --- [main] o.s.b.w.embedded.tomcat.TomcatWebServer  : Tomcat started on port 8080 (http) with context path '/'
2025-10-30T16:22:51.727-03:00  INFO 14400 --- [main] com.ecommerce.template.DemoApplication   : Started DemoApplication in 7.273 seconds (process running for 7.765)
2025-10-30T16:23:04.110-03:00  INFO 14400 --- [http-nio-8080-exec-3] o.apache.coyote.http11.Http11Processor   : Error parsing HTTP request header
 Note: further occurrences of HTTP request parsing errors will be logged at DEBUG level.

java.lang.IllegalArgumentException: Invalid character found in method name [0x160x030x010x060xd20x010x000x060xce0x030x03"0x1bb0xc40xfd0xa40xaf0x050xf70xb00x9d70xaf"0x08z0x030x86'0x900xb50xd80xc30x030xd50x840xa70xbd:L0x090xef ]. HTTP method names must be tokens
	at org.apache.coyote.http11.Http11InputBuffer.parseRequestLine(Http11InputBuffer.java:403) ~[tomcat-embed-core-10.1.46.jar:10.1.46]
	at org.apache.coyote.http11.Http11Processor.service(Http11Processor.java:271) ~[tomcat-embed-core-10.1.46.jar:10.1.46]
	at org.apache.coyote.AbstractProcessorLight.process(AbstractProcessorLight.java:63) ~[tomcat-embed-core-10.1.46.jar:10.1.46]
	at org.apache.coyote.AbstractProtocol$ConnectionHandler.process(AbstractProtocol.java:903) ~[tomcat-embed-core-10.1.46.jar:10.1.46]
	at org.apache.tomcat.util.net.NioEndpoint$SocketProcessor.doRun(NioEndpoint.java:1776) ~[tomcat-embed-core-10.1.46.jar:10.1.46]
	at org.apache.tomcat.util.net.SocketProcessorBase.run(SocketProcessorBase.java:52) ~[tomcat-embed-core-10.1.46.jar:10.1.46]
	at org.apache.tomcat.util.threads.ThreadPoolExecutor.runWorker(ThreadPoolExecutor.java:975) ~[tomcat-embed-core-10.1.46.jar:10.1.46]
	at org.apache.tomcat.util.threads.ThreadPoolExecutor$Worker.run(ThreadPoolExecutor.java:493) ~[tomcat-embed-core-10.1.46.jar:10.1.46]
	at org.apache.tomcat.util.threads.TaskThread$WrappingRunnable.run(TaskThread.java:63) ~[tomcat-embed-core-10.1.46.jar:10.1.46]
	at java.base/java.lang.Thread.run(Thread.java:1583) ~[na:na]

2025-10-30T16:23:04.110-03:00  INFO 14400 --- [http-nio-8080-exec-2] o.apache.coyote.http11.Http11Processor   : Error parsing HTTP request header
 Note: further occurrences of HTTP request parsing errors will be logged at DEBUG level.

java.lang.IllegalArgumentException: Invalid character found in method name [0x160x030x010x070x120x010x000x070x0e0x030x030x9a0x8bA0xb50xc5C0xf7I0xcf0x0000xed-0xa80x19R0xcdr0x110x130xc90xc10xbckF0x810x9b0xe5Om!0xcb ]. HTTP method names must be tokens
	at org.apache.coyote.http11.Http11InputBuffer.parseRequestLine(Http11InputBuffer.java:403) ~[tomcat-embed-core-10.1.46.jar:10.1.46]
	at org.apache.coyote.http11.Http11Processor.service(Http11Processor.java:271) ~[tomcat-embed-core-10.1.46.jar:10.1.46]
	at org.apache.coyote.AbstractProcessorLight.process(AbstractProcessorLight.java:63) ~[tomcat-embed-core-10.1.46.jar:10.1.46]
	at org.apache.coyote.AbstractProtocol$ConnectionHandler.process(AbstractProtocol.java:903) ~[tomcat-embed-core-10.1.46.jar:10.1.46]
	at org.apache.tomcat.util.net.NioEndpoint$SocketProcessor.doRun(NioEndpoint.java:1776) ~[tomcat-embed-core-10.1.46.jar:10.1.46]
	at org.apache.tomcat.util.net.SocketProcessorBase.run(SocketProcessorBase.java:52) ~[tomcat-embed-core-10.1.46.jar:10.1.46]
	at org.apache.tomcat.util.threads.ThreadPoolExecutor.runWorker(ThreadPoolExecutor.java:975) ~[tomcat-embed-core-10.1.46.jar:10.1.46]
	at org.apache.tomcat.util.threads.ThreadPoolExecutor$Worker.run(ThreadPoolExecutor.java:493) ~[tomcat-embed-core-10.1.46.jar:10.1.46]
	at org.apache.tomcat.util.threads.TaskThread$WrappingRunnable.run(TaskThread.java:63) ~[tomcat-embed-core-10.1.46.jar:10.1.46]
	at java.base/java.lang.Thread.run(Thread.java:1583) ~[na:na]

2025-10-30T16:23:04.166-03:00  INFO 14400 --- [http-nio-8080-exec-1] o.a.c.c.C.[Tomcat].[localhost].[/]       : Initializing Spring DispatcherServlet 'dispatcherServlet'
2025-10-30T16:23:04.169-03:00  INFO 14400 --- [http-nio-8080-exec-1] o.s.web.servlet.DispatcherServlet        : Initializing Servlet 'dispatcherServlet'
2025-10-30T16:23:04.172-03:00  INFO 14400 --- [http-nio-8080-exec-1] o.s.web.servlet.DispatcherServlet        : Completed initialization in 2 ms
2025-10-30T16:23:04.489-03:00  INFO 14400 --- [http-nio-8080-exec-1] c.e.template.service.ProductService      : Obteniendo todos los productos, total: 5
2025-10-30T16:23:04.667-03:00  INFO 14400 --- [http-nio-8080-exec-6] c.e.template.service.ProductService      : Obteniendo todos los productos, total: 5
2025-10-30T16:24:09.652-03:00  INFO 14400 --- [http-nio-8080-exec-7] o.apache.coyote.http11.Http11Processor   : Error parsing HTTP request header
 Note: further occurrences of HTTP request parsing errors will be logged at DEBUG level.

java.lang.IllegalArgumentException: Invalid character found in method name [0x160x030x010x060xd20x010x000x060xce0x030x030xe1]%e0xc3@0x0d0xc90xa80xd30x950xe90x89Lf0xb20x060x9c0x10o0xa30xee0xe90x1aQ0xa7AS0x8b0x10$0x92 ]. HTTP method names must be tokens
	at org.apache.coyote.http11.Http11InputBuffer.parseRequestLine(Http11InputBuffer.java:403) ~[tomcat-embed-core-10.1.46.jar:10.1.46]
	at org.apache.coyote.http11.Http11Processor.service(Http11Processor.java:271) ~[tomcat-embed-core-10.1.46.jar:10.1.46]
	at org.apache.coyote.AbstractProcessorLight.process(AbstractProcessorLight.java:63) ~[tomcat-embed-core-10.1.46.jar:10.1.46]
	at org.apache.coyote.AbstractProtocol$ConnectionHandler.process(AbstractProtocol.java:903) ~[tomcat-embed-core-10.1.46.jar:10.1.46]
	at org.apache.tomcat.util.net.NioEndpoint$SocketProcessor.doRun(NioEndpoint.java:1776) ~[tomcat-embed-core-10.1.46.jar:10.1.46]
	at org.apache.tomcat.util.net.SocketProcessorBase.run(SocketProcessorBase.java:52) ~[tomcat-embed-core-10.1.46.jar:10.1.46]
	at org.apache.tomcat.util.threads.ThreadPoolExecutor.runWorker(ThreadPoolExecutor.java:975) ~[tomcat-embed-core-10.1.46.jar:10.1.46]
	at org.apache.tomcat.util.threads.ThreadPoolExecutor$Worker.run(ThreadPoolExecutor.java:493) ~[tomcat-embed-core-10.1.46.jar:10.1.46]
	at org.apache.tomcat.util.threads.TaskThread$WrappingRunnable.run(TaskThread.java:63) ~[tomcat-embed-core-10.1.46.jar:10.1.46]
	at java.base/java.lang.Thread.run(Thread.java:1583) ~[na:na]

2025-10-30T16:25:06.503-03:00  INFO 14400 --- [http-nio-8080-exec-2] c.e.template.service.ProductService      : Obteniendo todos los productos, total: 5
2025-10-30T16:25:06.529-03:00  INFO 14400 --- [http-nio-8080-exec-3] c.e.template.service.ProductService      : Obteniendo todos los productos, total: 5
2025-10-30T16:25:19.558-03:00  INFO 14400 --- [http-nio-8080-exec-1] c.e.template.service.ProductService      : Obteniendo todos los productos, total: 5
2025-10-30T16:25:19.580-03:00  INFO 14400 --- [http-nio-8080-exec-6] c.e.template.service.ProductService      : Obteniendo todos los productos, total: 5
2025-10-30T16:25:27.209-03:00  INFO 14400 --- [http-nio-8080-exec-9] c.e.template.service.ProductService      : Obteniendo todos los productos, total: 5
2025-10-30T16:25:27.232-03:00  INFO 14400 --- [http-nio-8080-exec-10] c.e.template.service.ProductService      : Obteniendo todos los productos, total: 5
2025-10-30T16:25:30.578-03:00  INFO 14400 --- [http-nio-8080-exec-2] c.e.template.service.ProductService      : Obteniendo todos los productos, total: 5
2025-10-30T16:25:30.597-03:00  INFO 14400 --- [http-nio-8080-exec-3] c.e.template.service.ProductService      : Obteniendo todos los productos, total: 5
2025-10-30T16:25:42.636-03:00  INFO 14400 --- [http-nio-8080-exec-9] c.e.template.service.ProductService      : Obteniendo todos los productos, total: 5
2025-10-30T16:25:42.657-03:00  INFO 14400 --- [http-nio-8080-exec-10] c.e.template.service.ProductService      : Obteniendo todos los productos, total: 5
2025-10-30T16:36:52.578-03:00  INFO 14400 --- [http-nio-8080-exec-6] c.e.template.service.ProductService      : Obteniendo todos los productos, total: 5
2025-10-30T16:36:52.598-03:00  INFO 14400 --- [http-nio-8080-exec-1] c.e.template.service.ProductService      : Obteniendo todos los productos, total: 5
2025-10-30T16:37:01.537-03:00  INFO 14400 --- [http-nio-8080-exec-2] c.e.template.service.ProductService      : Obteniendo todos los productos, total: 5
2025-10-30T16:37:01.555-03:00  INFO 14400 --- [http-nio-8080-exec-3] c.e.template.service.ProductService      : Obteniendo todos los productos, total: 5
2025-10-30T16:38:46.318-03:00  INFO 14400 --- [http-nio-8080-exec-9] c.e.template.service.ProductService      : Obteniendo todos los productos, total: 5
2025-10-30T16:38:46.342-03:00  INFO 14400 --- [http-nio-8080-exec-4] c.e.template.service.ProductService      : Obteniendo todos los productos, total: 5
2025-10-30T16:39:14.127-03:00  INFO 14400 --- [http-nio-8080-exec-8] c.e.template.service.ProductService      : Obteniendo todos los productos, total: 5
2025-10-30T16:39:14.143-03:00  INFO 14400 --- [http-nio-8080-exec-7] c.e.template.service.ProductService      : Obteniendo todos los productos, total: 5
2025-10-30T16:41:47.686-03:00  INFO 14400 --- [http-nio-8080-exec-3] c.e.template.service.ProductService      : Obteniendo todos los productos, total: 5
2025-10-30T16:41:47.703-03:00  INFO 14400 --- [http-nio-8080-exec-1] c.e.template.service.ProductService      : Obteniendo todos los productos, total: 5
2025-10-30T16:42:09.579-03:00  INFO 14400 --- [http-nio-8080-exec-2] c.e.template.service.ProductService      : Obteniendo todos los productos, total: 5
2025-10-30T16:42:09.594-03:00  INFO 14400 --- [http-nio-8080-exec-10] c.e.template.service.ProductService      : Obteniendo todos los productos, total: 5
2025-10-30T16:44:05.895-03:00  INFO 14400 --- [http-nio-8080-exec-4] c.e.template.service.ProductService      : Obteniendo todos los productos, total: 5
2025-10-30T16:44:05.927-03:00  INFO 14400 --- [http-nio-8080-exec-7] c.e.template.service.ProductService      : Obteniendo todos los productos, total: 5
2025-10-30T16:44:12.692-03:00  INFO 14400 --- [http-nio-8080-exec-5] c.e.template.service.ProductService      : Obteniendo todos los productos, total: 5
2025-10-30T16:44:12.715-03:00  INFO 14400 --- [http-nio-8080-exec-9] c.e.template.service.ProductService      : Obteniendo todos los productos, total: 5
2025-10-30T16:45:58.528-03:00  INFO 14400 --- [http-nio-8080-exec-1] c.e.template.service.ProductService      : Obteniendo todos los productos, total: 5
2025-10-30T16:45:58.579-03:00  INFO 14400 --- [http-nio-8080-exec-10] c.e.template.service.ProductService      : Obteniendo todos los productos, total: 5
2025-10-30T16:46:14.398-03:00  INFO 14400 --- [http-nio-8080-exec-3] c.e.template.service.ProductService      : Obteniendo todos los productos, total: 5
2025-10-30T16:46:14.429-03:00  INFO 14400 --- [http-nio-8080-exec-4] c.e.template.service.ProductService      : Obteniendo todos los productos, total: 5
2025-10-30T17:14:43.673-03:00  INFO 14400 --- [http-nio-8080-exec-7] c.e.template.service.ProductService      : Obteniendo todos los productos, total: 5
2025-10-30T17:14:43.686-03:00  INFO 14400 --- [http-nio-8080-exec-9] c.e.template.service.ProductService      : Obteniendo todos los productos, total: 5
2025-10-30T17:15:19.562-03:00  INFO 14400 --- [http-nio-8080-exec-1] c.e.template.service.ProductService      : Obteniendo todos los productos, total: 5
2025-10-30T17:15:19.575-03:00  INFO 14400 --- [http-nio-8080-exec-10] c.e.template.service.ProductService      : Obteniendo todos los productos, total: 5
2025-10-30T17:16:55.412-03:00  INFO 14400 --- [http-nio-8080-exec-6] c.e.template.service.ProductService      : Obteniendo todos los productos, total: 5
2025-10-30T17:16:55.430-03:00  INFO 14400 --- [http-nio-8080-exec-4] c.e.template.service.ProductService      : Obteniendo todos los productos, total: 5
2025-10-30T17:16:56.894-03:00  INFO 14400 --- [http-nio-8080-exec-8] c.e.template.service.ProductService      : Obteniendo todos los productos, total: 5
2025-10-30T17:16:56.898-03:00  INFO 14400 --- [http-nio-8080-exec-2] c.e.template.service.ProductService      : Obteniendo todos los productos, total: 5
2025-10-30T17:17:17.627-03:00  INFO 14400 --- [http-nio-8080-exec-3] c.e.template.service.ProductService      : Obteniendo todos los productos, total: 5
2025-10-30T17:17:17.664-03:00  INFO 14400 --- [http-nio-8080-exec-1] c.e.template.service.ProductService      : Obteniendo todos los productos, total: 5
2025-10-30T17:17:33.101-03:00  INFO 14400 --- [http-nio-8080-exec-10] c.e.template.service.ProductService      : Obteniendo todos los productos, total: 5
2025-10-30T17:17:33.116-03:00  INFO 14400 --- [http-nio-8080-exec-5] c.e.template.service.ProductService      : Obteniendo todos los productos, total: 5
2025-10-30T17:17:55.903-03:00  INFO 14400 --- [http-nio-8080-exec-7] c.e.template.service.ProductService      : Obteniendo todos los productos, total: 5
2025-10-30T17:17:55.923-03:00  INFO 14400 --- [http-nio-8080-exec-3] c.e.template.service.ProductService      : Obteniendo todos los productos, total: 5
2025-10-30T17:18:03.827-03:00  INFO 14400 --- [http-nio-8080-exec-8] c.e.template.service.ProductService      : Obteniendo todos los productos, total: 5
2025-10-30T17:18:03.830-03:00  INFO 14400 --- [http-nio-8080-exec-2] c.e.template.service.ProductService      : Obteniendo todos los productos, total: 5
2025-10-30T17:18:20.963-03:00  INFO 14400 --- [http-nio-8080-exec-5] c.e.template.service.ProductService      : Obteniendo todos los productos, total: 5
2025-10-30T17:18:20.996-03:00  INFO 14400 --- [http-nio-8080-exec-9] c.e.template.service.ProductService      : Obteniendo todos los productos, total: 5
2025-10-30T17:19:23.293-03:00  INFO 24648 --- [main] com.ecommerce.template.DemoApplication   : Starting DemoApplication using Java 21.0.8 with PID 24648 (C:\Users\hoffm\Documents\Importante\Progra\Giladas Mias\ecommerce-template\server\target\classes started by hoffm in C:\Users\hoffm\Documents\Importante\Progra\Giladas Mias\ecommerce-template\server)
2025-10-30T17:19:23.295-03:00  INFO 24648 --- [main] com.ecommerce.template.DemoApplication   : No active profile set, falling back to 1 default profile: "default"
2025-10-30T17:19:24.217-03:00  INFO 24648 --- [main] .s.d.r.c.RepositoryConfigurationDelegate : Bootstrapping Spring Data JPA repositories in DEFAULT mode.
2025-10-30T17:19:24.316-03:00  INFO 24648 --- [main] .s.d.r.c.RepositoryConfigurationDelegate : Finished Spring Data repository scanning in 80 ms. Found 5 JPA repository interfaces.
2025-10-30T17:19:25.055-03:00  INFO 24648 --- [main] o.s.b.w.embedded.tomcat.TomcatWebServer  : Tomcat initialized with port 8080 (http)
2025-10-30T17:19:25.077-03:00  INFO 24648 --- [main] o.apache.catalina.core.StandardService   : Starting service [Tomcat]
2025-10-30T17:19:25.077-03:00  INFO 24648 --- [main] o.apache.catalina.core.StandardEngine    : Starting Servlet engine: [Apache Tomcat/10.1.46]
2025-10-30T17:19:25.160-03:00  INFO 24648 --- [main] o.a.c.c.C.[Tomcat].[localhost].[/]       : Initializing Spring embedded WebApplicationContext
2025-10-30T17:19:25.160-03:00  INFO 24648 --- [main] w.s.c.ServletWebServerApplicationContext : Root WebApplicationContext: initialization completed in 1815 ms
2025-10-30T17:19:25.388-03:00  INFO 24648 --- [main] o.hibernate.jpa.internal.util.LogHelper  : HHH000204: Processing PersistenceUnitInfo [name: default]
2025-10-30T17:19:25.472-03:00  INFO 24648 --- [main] org.hibernate.Version                    : HHH000412: Hibernate ORM core version 6.6.29.Final
2025-10-30T17:19:25.535-03:00  INFO 24648 --- [main] o.h.c.internal.RegionFactoryInitiator    : HHH000026: Second-level cache disabled
2025-10-30T17:19:25.956-03:00  INFO 24648 --- [main] o.s.o.j.p.SpringPersistenceUnitInfo      : No LoadTimeWeaver setup: ignoring JPA class transformer
2025-10-30T17:19:25.999-03:00  INFO 24648 --- [main] com.zaxxer.hikari.HikariDataSource       : HikariPool-1 - Starting...
2025-10-30T17:19:26.343-03:00  INFO 24648 --- [main] com.zaxxer.hikari.pool.HikariPool        : HikariPool-1 - Added connection org.postgresql.jdbc.PgConnection@247bbfba
2025-10-30T17:19:26.346-03:00  INFO 24648 --- [main] com.zaxxer.hikari.HikariDataSource       : HikariPool-1 - Start completed.
2025-10-30T17:19:26.391-03:00  WARN 24648 --- [main] org.hibernate.orm.deprecation            : HHH90000025: PostgreSQLDialect does not need to be specified explicitly using 'hibernate.dialect' (remove the property setting and it will be selected by default)
2025-10-30T17:19:26.413-03:00  INFO 24648 --- [main] org.hibernate.orm.connections.pooling    : HHH10001005: Database info:
	Database JDBC URL [Connecting through datasource 'HikariDataSource (HikariPool-1)']
	Database driver: undefined/unknown
	Database version: 17.6
	Autocommit mode: undefined/unknown
	Isolation level: undefined/unknown
	Minimum pool size: undefined/unknown
	Maximum pool size: undefined/unknown
2025-10-30T17:19:27.748-03:00  INFO 24648 --- [main] o.h.e.t.j.p.i.JtaPlatformInitiator       : HHH000489: No JTA platform available (set 'hibernate.transaction.jta.platform' to enable JTA platform integration)
2025-10-30T17:19:28.173-03:00  INFO 24648 --- [main] j.LocalContainerEntityManagerFactoryBean : Initialized JPA EntityManagerFactory for persistence unit 'default'
2025-10-30T17:19:28.712-03:00  INFO 24648 --- [main] r$InitializeUserDetailsManagerConfigurer : Global AuthenticationManager configured with UserDetailsService bean with name userDetailsService
2025-10-30T17:19:28.805-03:00  WARN 24648 --- [main] JpaBaseConfiguration$JpaWebConfiguration : spring.jpa.open-in-view is enabled by default. Therefore, database queries may be performed during view rendering. Explicitly configure spring.jpa.open-in-view to disable this warning
2025-10-30T17:19:29.713-03:00  INFO 24648 --- [main] o.s.b.w.embedded.tomcat.TomcatWebServer  : Tomcat started on port 8080 (http) with context path '/'
2025-10-30T17:19:29.728-03:00  INFO 24648 --- [main] com.ecommerce.template.DemoApplication   : Started DemoApplication in 7.086 seconds (process running for 7.507)
2025-10-30T17:19:29.932-03:00  INFO 24648 --- [http-nio-8080-exec-2] o.a.c.c.C.[Tomcat].[localhost].[/]       : Initializing Spring DispatcherServlet 'dispatcherServlet'
2025-10-30T17:19:29.933-03:00  INFO 24648 --- [http-nio-8080-exec-2] o.s.web.servlet.DispatcherServlet        : Initializing Servlet 'dispatcherServlet'
2025-10-30T17:19:29.936-03:00  INFO 24648 --- [http-nio-8080-exec-2] o.s.web.servlet.DispatcherServlet        : Completed initialization in 2 ms
2025-10-30T17:19:31.069-03:00  INFO 24648 --- [http-nio-8080-exec-3] c.e.template.service.ProductService      : Obteniendo todos los productos, total: 5
2025-10-30T17:19:31.207-03:00  INFO 24648 --- [http-nio-8080-exec-4] c.e.template.service.ProductService      : Obteniendo todos los productos, total: 5
2025-10-30T17:19:39.499-03:00  INFO 24648 --- [http-nio-8080-exec-5] c.e.template.service.ProductService      : Obteniendo todos los productos, total: 5
2025-10-30T17:19:39.547-03:00  INFO 24648 --- [http-nio-8080-exec-8] c.e.template.service.ProductService      : Obteniendo todos los productos, total: 5
2025-10-30T17:19:48.830-03:00  INFO 24648 --- [http-nio-8080-exec-10] c.e.template.service.ProductService      : Obteniendo todos los productos, total: 5
2025-10-30T17:19:48.855-03:00  INFO 24648 --- [http-nio-8080-exec-2] c.e.template.service.ProductService      : Obteniendo todos los productos, total: 5
2025-10-30T17:20:35.674-03:00  INFO 24648 --- [http-nio-8080-exec-5] c.e.template.service.ProductService      : Obteniendo todos los productos, total: 5
2025-10-30T17:20:35.701-03:00  INFO 24648 --- [http-nio-8080-exec-8] c.e.template.service.ProductService      : Obteniendo todos los productos, total: 5
2025-10-30T17:20:37.555-03:00  INFO 24648 --- [http-nio-8080-exec-9] c.e.template.service.ProductService      : Obteniendo todos los productos, total: 5
2025-10-30T17:20:37.602-03:00  INFO 24648 --- [http-nio-8080-exec-1] c.e.template.service.ProductService      : Obteniendo todos los productos, total: 5
2025-10-30T17:21:20.574-03:00  INFO 24648 --- [http-nio-8080-exec-4] c.e.template.service.ProductService      : Obteniendo todos los productos, total: 5
2025-10-30T17:21:20.593-03:00  INFO 24648 --- [http-nio-8080-exec-6] c.e.template.service.ProductService      : Obteniendo todos los productos, total: 5
2025-10-30T17:23:21.082-03:00  INFO 24648 --- [http-nio-8080-exec-10] c.e.template.service.ProductService      : Obteniendo todos los productos, total: 5
2025-10-30T17:23:21.125-03:00  INFO 24648 --- [http-nio-8080-exec-1] c.e.template.service.ProductService      : Obteniendo todos los productos, total: 5
2025-10-30T17:23:23.464-03:00  INFO 24648 --- [SpringApplicationShutdownHook] o.s.b.w.e.tomcat.GracefulShutdown        : Commencing graceful shutdown. Waiting for active requests to complete
2025-10-30T17:23:23.469-03:00  INFO 24648 --- [tomcat-shutdown] o.s.b.w.e.tomcat.GracefulShutdown        : Graceful shutdown complete
2025-10-30T17:23:23.474-03:00  INFO 24648 --- [SpringApplicationShutdownHook] j.LocalContainerEntityManagerFactoryBean : Closing JPA EntityManagerFactory for persistence unit 'default'
2025-10-30T17:23:23.476-03:00  INFO 24648 --- [SpringApplicationShutdownHook] com.zaxxer.hikari.HikariDataSource       : HikariPool-1 - Shutdown initiated...
2025-10-30T17:23:23.480-03:00  INFO 24648 --- [SpringApplicationShutdownHook] com.zaxxer.hikari.HikariDataSource       : HikariPool-1 - Shutdown completed.
2025-10-30T17:23:40.833-03:00  INFO 23816 --- [main] com.ecommerce.template.DemoApplication   : Starting DemoApplication using Java 21.0.8 with PID 23816 (C:\Users\hoffm\Documents\Importante\Progra\Giladas Mias\ecommerce-template\server\target\classes started by hoffm in C:\Users\hoffm\Documents\Importante\Progra\Giladas Mias\ecommerce-template\server)
2025-10-30T17:23:40.836-03:00  INFO 23816 --- [main] com.ecommerce.template.DemoApplication   : No active profile set, falling back to 1 default profile: "default"
2025-10-30T17:23:41.619-03:00  INFO 23816 --- [main] .s.d.r.c.RepositoryConfigurationDelegate : Bootstrapping Spring Data JPA repositories in DEFAULT mode.
2025-10-30T17:23:41.711-03:00  INFO 23816 --- [main] .s.d.r.c.RepositoryConfigurationDelegate : Finished Spring Data repository scanning in 81 ms. Found 5 JPA repository interfaces.
2025-10-30T17:23:42.320-03:00  INFO 23816 --- [main] o.s.b.w.embedded.tomcat.TomcatWebServer  : Tomcat initialized with port 8080 (http)
2025-10-30T17:23:42.340-03:00  INFO 23816 --- [main] o.apache.catalina.core.StandardService   : Starting service [Tomcat]
2025-10-30T17:23:42.340-03:00  INFO 23816 --- [main] o.apache.catalina.core.StandardEngine    : Starting Servlet engine: [Apache Tomcat/10.1.46]
2025-10-30T17:23:42.412-03:00  INFO 23816 --- [main] o.a.c.c.C.[Tomcat].[localhost].[/]       : Initializing Spring embedded WebApplicationContext
2025-10-30T17:23:42.413-03:00  INFO 23816 --- [main] w.s.c.ServletWebServerApplicationContext : Root WebApplicationContext: initialization completed in 1523 ms
2025-10-30T17:23:42.622-03:00  INFO 23816 --- [main] o.hibernate.jpa.internal.util.LogHelper  : HHH000204: Processing PersistenceUnitInfo [name: default]
2025-10-30T17:23:42.686-03:00  INFO 23816 --- [main] org.hibernate.Version                    : HHH000412: Hibernate ORM core version 6.6.29.Final
2025-10-30T17:23:42.743-03:00  INFO 23816 --- [main] o.h.c.internal.RegionFactoryInitiator    : HHH000026: Second-level cache disabled
2025-10-30T17:23:43.071-03:00  INFO 23816 --- [main] o.s.o.j.p.SpringPersistenceUnitInfo      : No LoadTimeWeaver setup: ignoring JPA class transformer
2025-10-30T17:23:43.111-03:00  INFO 23816 --- [main] com.zaxxer.hikari.HikariDataSource       : HikariPool-1 - Starting...
2025-10-30T17:23:43.306-03:00  INFO 23816 --- [main] com.zaxxer.hikari.pool.HikariPool        : HikariPool-1 - Added connection org.postgresql.jdbc.PgConnection@53dba9cd
2025-10-30T17:23:43.308-03:00  INFO 23816 --- [main] com.zaxxer.hikari.HikariDataSource       : HikariPool-1 - Start completed.
2025-10-30T17:23:43.357-03:00  WARN 23816 --- [main] org.hibernate.orm.deprecation            : HHH90000025: PostgreSQLDialect does not need to be specified explicitly using 'hibernate.dialect' (remove the property setting and it will be selected by default)
2025-10-30T17:23:43.401-03:00  INFO 23816 --- [main] org.hibernate.orm.connections.pooling    : HHH10001005: Database info:
	Database JDBC URL [Connecting through datasource 'HikariDataSource (HikariPool-1)']
	Database driver: undefined/unknown
	Database version: 17.6
	Autocommit mode: undefined/unknown
	Isolation level: undefined/unknown
	Minimum pool size: undefined/unknown
	Maximum pool size: undefined/unknown
2025-10-30T17:23:44.618-03:00  INFO 23816 --- [main] o.h.e.t.j.p.i.JtaPlatformInitiator       : HHH000489: No JTA platform available (set 'hibernate.transaction.jta.platform' to enable JTA platform integration)
2025-10-30T17:23:45.017-03:00  INFO 23816 --- [main] j.LocalContainerEntityManagerFactoryBean : Initialized JPA EntityManagerFactory for persistence unit 'default'
2025-10-30T17:23:45.426-03:00  INFO 23816 --- [main] r$InitializeUserDetailsManagerConfigurer : Global AuthenticationManager configured with UserDetailsService bean with name userDetailsService
2025-10-30T17:23:45.524-03:00  WARN 23816 --- [main] JpaBaseConfiguration$JpaWebConfiguration : spring.jpa.open-in-view is enabled by default. Therefore, database queries may be performed during view rendering. Explicitly configure spring.jpa.open-in-view to disable this warning
2025-10-30T17:23:46.048-03:00  INFO 23816 --- [main] o.s.b.w.embedded.tomcat.TomcatWebServer  : Tomcat started on port 8080 (http) with context path '/'
2025-10-30T17:23:46.059-03:00  INFO 23816 --- [main] com.ecommerce.template.DemoApplication   : Started DemoApplication in 5.817 seconds (process running for 6.201)
2025-10-30T17:23:55.153-03:00  INFO 23816 --- [http-nio-8080-exec-2] o.a.c.c.C.[Tomcat].[localhost].[/]       : Initializing Spring DispatcherServlet 'dispatcherServlet'
2025-10-30T17:23:55.154-03:00  INFO 23816 --- [http-nio-8080-exec-2] o.s.web.servlet.DispatcherServlet        : Initializing Servlet 'dispatcherServlet'
2025-10-30T17:23:55.156-03:00  INFO 23816 --- [http-nio-8080-exec-2] o.s.web.servlet.DispatcherServlet        : Completed initialization in 1 ms
2025-10-30T17:23:55.440-03:00 ERROR 23816 --- [http-nio-8080-exec-4] o.a.c.c.C.[.[.[/].[dispatcherServlet]    : Servlet.service() for servlet [dispatcherServlet] in context with path [] threw exception

io.jsonwebtoken.security.SignatureException: JWT signature does not match locally computed signature. JWT validity cannot be asserted and should not be trusted.
	at io.jsonwebtoken.impl.DefaultJwtParser.verifySignature(DefaultJwtParser.java:340) ~[jjwt-impl-0.12.6.jar:0.12.6]
	at io.jsonwebtoken.impl.DefaultJwtParser.parse(DefaultJwtParser.java:579) ~[jjwt-impl-0.12.6.jar:0.12.6]
	at io.jsonwebtoken.impl.DefaultJwtParser.parse(DefaultJwtParser.java:364) ~[jjwt-impl-0.12.6.jar:0.12.6]
	at io.jsonwebtoken.impl.DefaultJwtParser.parse(DefaultJwtParser.java:94) ~[jjwt-impl-0.12.6.jar:0.12.6]
	at io.jsonwebtoken.impl.io.AbstractParser.parse(AbstractParser.java:36) ~[jjwt-impl-0.12.6.jar:0.12.6]
	at io.jsonwebtoken.impl.io.AbstractParser.parse(AbstractParser.java:29) ~[jjwt-impl-0.12.6.jar:0.12.6]
	at io.jsonwebtoken.impl.DefaultJwtParser.parseSignedClaims(DefaultJwtParser.java:830) ~[jjwt-impl-0.12.6.jar:0.12.6]
	at com.ecommerce.template.security.JwtUtil.extractAllClaims(JwtUtil.java:55) ~[classes/:na]
	at com.ecommerce.template.security.JwtUtil.extractClaim(JwtUtil.java:46) ~[classes/:na]
	at com.ecommerce.template.security.JwtUtil.extractUsername(JwtUtil.java:41) ~[classes/:na]
	at com.ecommerce.template.security.JwtAuthenticationFilter.doFilterInternal(JwtAuthenticationFilter.java:48) ~[classes/:na]
	at org.springframework.web.filter.OncePerRequestFilter.doFilter(OncePerRequestFilter.java:116) ~[spring-web-6.2.11.jar:6.2.11]
	at org.springframework.security.web.FilterChainProxy$VirtualFilterChain.doFilter(FilterChainProxy.java:374) ~[spring-security-web-6.5.5.jar:6.5.5]
	at org.springframework.security.web.authentication.logout.LogoutFilter.doFilter(LogoutFilter.java:107) ~[spring-security-web-6.5.5.jar:6.5.5]
	at org.springframework.security.web.authentication.logout.LogoutFilter.doFilter(LogoutFilter.java:93) ~[spring-security-web-6.5.5.jar:6.5.5]
	at org.springframework.security.web.FilterChainProxy$VirtualFilterChain.doFilter(FilterChainProxy.java:374) ~[spring-security-web-6.5.5.jar:6.5.5]
	at org.springframework.security.web.header.HeaderWriterFilter.doHeadersAfter(HeaderWriterFilter.java:90) ~[spring-security-web-6.5.5.jar:6.5.5]
	at org.springframework.security.web.header.HeaderWriterFilter.doFilterInternal(HeaderWriterFilter.java:75) ~[spring-security-web-6.5.5.jar:6.5.5]
	at org.springframework.web.filter.OncePerRequestFilter.doFilter(OncePerRequestFilter.java:116) ~[spring-web-6.2.11.jar:6.2.11]
	at org.springframework.security.web.FilterChainProxy$VirtualFilterChain.doFilter(FilterChainProxy.java:374) ~[spring-security-web-6.5.5.jar:6.5.5]
	at org.springframework.security.web.context.SecurityContextHolderFilter.doFilter(SecurityContextHolderFilter.java:82) ~[spring-security-web-6.5.5.jar:6.5.5]
	at org.springframework.security.web.context.SecurityContextHolderFilter.doFilter(SecurityContextHolderFilter.java:69) ~[spring-security-web-6.5.5.jar:6.5.5]
	at org.springframework.security.web.FilterChainProxy$VirtualFilterChain.doFilter(FilterChainProxy.java:374) ~[spring-security-web-6.5.5.jar:6.5.5]
	at org.springframework.security.web.context.request.async.WebAsyncManagerIntegrationFilter.doFilterInternal(WebAsyncManagerIntegrationFilter.java:62) ~[spring-security-web-6.5.5.jar:6.5.5]
	at org.springframework.web.filter.OncePerRequestFilter.doFilter(OncePerRequestFilter.java:116) ~[spring-web-6.2.11.jar:6.2.11]
	at org.springframework.security.web.FilterChainProxy$VirtualFilterChain.doFilter(FilterChainProxy.java:374) ~[spring-security-web-6.5.5.jar:6.5.5]
	at org.springframework.security.web.session.DisableEncodeUrlFilter.doFilterInternal(DisableEncodeUrlFilter.java:42) ~[spring-security-web-6.5.5.jar:6.5.5]
	at org.springframework.web.filter.OncePerRequestFilter.doFilter(OncePerRequestFilter.java:116) ~[spring-web-6.2.11.jar:6.2.11]
	at org.springframework.security.web.FilterChainProxy$VirtualFilterChain.doFilter(FilterChainProxy.java:374) ~[spring-security-web-6.5.5.jar:6.5.5]
	at org.springframework.security.web.FilterChainProxy.doFilterInternal(FilterChainProxy.java:233) ~[spring-security-web-6.5.5.jar:6.5.5]
	at org.springframework.security.web.FilterChainProxy.doFilter(FilterChainProxy.java:191) ~[spring-security-web-6.5.5.jar:6.5.5]
	at org.springframework.web.filter.CompositeFilter$VirtualFilterChain.doFilter(CompositeFilter.java:113) ~[spring-web-6.2.11.jar:6.2.11]
	at org.springframework.web.filter.ServletRequestPathFilter.doFilter(ServletRequestPathFilter.java:52) ~[spring-web-6.2.11.jar:6.2.11]
	at org.springframework.web.filter.CompositeFilter$VirtualFilterChain.doFilter(CompositeFilter.java:113) ~[spring-web-6.2.11.jar:6.2.11]
	at org.springframework.web.filter.CompositeFilter.doFilter(CompositeFilter.java:74) ~[spring-web-6.2.11.jar:6.2.11]
	at org.springframework.security.config.annotation.web.configuration.WebSecurityConfiguration$CompositeFilterChainProxy.doFilter(WebSecurityConfiguration.java:319) ~[spring-security-config-6.5.5.jar:6.5.5]
	at org.springframework.web.filter.CompositeFilter$VirtualFilterChain.doFilter(CompositeFilter.java:113) ~[spring-web-6.2.11.jar:6.2.11]
	at org.springframework.web.servlet.handler.HandlerMappingIntrospector.lambda$createCacheFilter$4(HandlerMappingIntrospector.java:267) ~[spring-webmvc-6.2.11.jar:6.2.11]
	at org.springframework.web.filter.CompositeFilter$VirtualFilterChain.doFilter(CompositeFilter.java:113) ~[spring-web-6.2.11.jar:6.2.11]
	at org.springframework.web.filter.CompositeFilter.doFilter(CompositeFilter.java:74) ~[spring-web-6.2.11.jar:6.2.11]
	at org.springframework.security.config.annotation.web.configuration.WebMvcSecurityConfiguration$CompositeFilterChainProxy.doFilter(WebMvcSecurityConfiguration.java:240) ~[spring-security-config-6.5.5.jar:6.5.5]
	at org.springframework.web.filter.DelegatingFilterProxy.invokeDelegate(DelegatingFilterProxy.java:362) ~[spring-web-6.2.11.jar:6.2.11]
	at org.springframework.web.filter.DelegatingFilterProxy.doFilter(DelegatingFilterProxy.java:278) ~[spring-web-6.2.11.jar:6.2.11]
	at org.apache.catalina.core.ApplicationFilterChain.internalDoFilter(ApplicationFilterChain.java:164) ~[tomcat-embed-core-10.1.46.jar:10.1.46]
	at org.apache.catalina.core.ApplicationFilterChain.doFilter(ApplicationFilterChain.java:140) ~[tomcat-embed-core-10.1.46.jar:10.1.46]
	at org.springframework.web.filter.RequestContextFilter.doFilterInternal(RequestContextFilter.java:100) ~[spring-web-6.2.11.jar:6.2.11]
	at org.springframework.web.filter.OncePerRequestFilter.doFilter(OncePerRequestFilter.java:116) ~[spring-web-6.2.11.jar:6.2.11]
	at org.apache.catalina.core.ApplicationFilterChain.internalDoFilter(ApplicationFilterChain.java:164) ~[tomcat-embed-core-10.1.46.jar:10.1.46]
	at org.apache.catalina.core.ApplicationFilterChain.doFilter(ApplicationFilterChain.java:140) ~[tomcat-embed-core-10.1.46.jar:10.1.46]
	at org.springframework.web.filter.FormContentFilter.doFilterInternal(FormContentFilter.java:93) ~[spring-web-6.2.11.jar:6.2.11]
	at org.springframework.web.filter.OncePerRequestFilter.doFilter(OncePerRequestFilter.java:116) ~[spring-web-6.2.11.jar:6.2.11]
	at org.apache.catalina.core.ApplicationFilterChain.internalDoFilter(ApplicationFilterChain.java:164) ~[tomcat-embed-core-10.1.46.jar:10.1.46]
	at org.apache.catalina.core.ApplicationFilterChain.doFilter(ApplicationFilterChain.java:140) ~[tomcat-embed-core-10.1.46.jar:10.1.46]
	at org.springframework.web.filter.CharacterEncodingFilter.doFilterInternal(CharacterEncodingFilter.java:201) ~[spring-web-6.2.11.jar:6.2.11]
	at org.springframework.web.filter.OncePerRequestFilter.doFilter(OncePerRequestFilter.java:116) ~[spring-web-6.2.11.jar:6.2.11]
	at org.apache.catalina.core.ApplicationFilterChain.internalDoFilter(ApplicationFilterChain.java:164) ~[tomcat-embed-core-10.1.46.jar:10.1.46]
	at org.apache.catalina.core.ApplicationFilterChain.doFilter(ApplicationFilterChain.java:140) ~[tomcat-embed-core-10.1.46.jar:10.1.46]
	at org.apache.catalina.core.StandardWrapperValve.invoke(StandardWrapperValve.java:167) ~[tomcat-embed-core-10.1.46.jar:10.1.46]
	at org.apache.catalina.core.StandardContextValve.invoke(StandardContextValve.java:90) ~[tomcat-embed-core-10.1.46.jar:10.1.46]
	at org.apache.catalina.authenticator.AuthenticatorBase.invoke(AuthenticatorBase.java:483) ~[tomcat-embed-core-10.1.46.jar:10.1.46]
	at org.apache.catalina.core.StandardHostValve.invoke(StandardHostValve.java:116) ~[tomcat-embed-core-10.1.46.jar:10.1.46]
	at org.apache.catalina.valves.ErrorReportValve.invoke(ErrorReportValve.java:93) ~[tomcat-embed-core-10.1.46.jar:10.1.46]
	at org.apache.catalina.core.StandardEngineValve.invoke(StandardEngineValve.java:74) ~[tomcat-embed-core-10.1.46.jar:10.1.46]
	at org.apache.catalina.connector.CoyoteAdapter.service(CoyoteAdapter.java:344) ~[tomcat-embed-core-10.1.46.jar:10.1.46]
	at org.apache.coyote.http11.Http11Processor.service(Http11Processor.java:398) ~[tomcat-embed-core-10.1.46.jar:10.1.46]
	at org.apache.coyote.AbstractProcessorLight.process(AbstractProcessorLight.java:63) ~[tomcat-embed-core-10.1.46.jar:10.1.46]
	at org.apache.coyote.AbstractProtocol$ConnectionHandler.process(AbstractProtocol.java:903) ~[tomcat-embed-core-10.1.46.jar:10.1.46]
	at org.apache.tomcat.util.net.NioEndpoint$SocketProcessor.doRun(NioEndpoint.java:1776) ~[tomcat-embed-core-10.1.46.jar:10.1.46]
	at org.apache.tomcat.util.net.SocketProcessorBase.run(SocketProcessorBase.java:52) ~[tomcat-embed-core-10.1.46.jar:10.1.46]
	at org.apache.tomcat.util.threads.ThreadPoolExecutor.runWorker(ThreadPoolExecutor.java:975) ~[tomcat-embed-core-10.1.46.jar:10.1.46]
	at org.apache.tomcat.util.threads.ThreadPoolExecutor$Worker.run(ThreadPoolExecutor.java:493) ~[tomcat-embed-core-10.1.46.jar:10.1.46]
	at org.apache.tomcat.util.threads.TaskThread$WrappingRunnable.run(TaskThread.java:63) ~[tomcat-embed-core-10.1.46.jar:10.1.46]
	at java.base/java.lang.Thread.run(Thread.java:1583) ~[na:na]

2025-10-30T17:23:55.501-03:00 ERROR 23816 --- [http-nio-8080-exec-5] o.a.c.c.C.[.[.[/].[dispatcherServlet]    : Servlet.service() for servlet [dispatcherServlet] in context with path [] threw exception

io.jsonwebtoken.security.SignatureException: JWT signature does not match locally computed signature. JWT validity cannot be asserted and should not be trusted.
	at io.jsonwebtoken.impl.DefaultJwtParser.verifySignature(DefaultJwtParser.java:340) ~[jjwt-impl-0.12.6.jar:0.12.6]
	at io.jsonwebtoken.impl.DefaultJwtParser.parse(DefaultJwtParser.java:579) ~[jjwt-impl-0.12.6.jar:0.12.6]
	at io.jsonwebtoken.impl.DefaultJwtParser.parse(DefaultJwtParser.java:364) ~[jjwt-impl-0.12.6.jar:0.12.6]
	at io.jsonwebtoken.impl.DefaultJwtParser.parse(DefaultJwtParser.java:94) ~[jjwt-impl-0.12.6.jar:0.12.6]
	at io.jsonwebtoken.impl.io.AbstractParser.parse(AbstractParser.java:36) ~[jjwt-impl-0.12.6.jar:0.12.6]
	at io.jsonwebtoken.impl.io.AbstractParser.parse(AbstractParser.java:29) ~[jjwt-impl-0.12.6.jar:0.12.6]
	at io.jsonwebtoken.impl.DefaultJwtParser.parseSignedClaims(DefaultJwtParser.java:830) ~[jjwt-impl-0.12.6.jar:0.12.6]
	at com.ecommerce.template.security.JwtUtil.extractAllClaims(JwtUtil.java:55) ~[classes/:na]
	at com.ecommerce.template.security.JwtUtil.extractClaim(JwtUtil.java:46) ~[classes/:na]
	at com.ecommerce.template.security.JwtUtil.extractUsername(JwtUtil.java:41) ~[classes/:na]
	at com.ecommerce.template.security.JwtAuthenticationFilter.doFilterInternal(JwtAuthenticationFilter.java:48) ~[classes/:na]
	at org.springframework.web.filter.OncePerRequestFilter.doFilter(OncePerRequestFilter.java:116) ~[spring-web-6.2.11.jar:6.2.11]
	at org.springframework.security.web.FilterChainProxy$VirtualFilterChain.doFilter(FilterChainProxy.java:374) ~[spring-security-web-6.5.5.jar:6.5.5]
	at org.springframework.security.web.authentication.logout.LogoutFilter.doFilter(LogoutFilter.java:107) ~[spring-security-web-6.5.5.jar:6.5.5]
	at org.springframework.security.web.authentication.logout.LogoutFilter.doFilter(LogoutFilter.java:93) ~[spring-security-web-6.5.5.jar:6.5.5]
	at org.springframework.security.web.FilterChainProxy$VirtualFilterChain.doFilter(FilterChainProxy.java:374) ~[spring-security-web-6.5.5.jar:6.5.5]
	at org.springframework.security.web.header.HeaderWriterFilter.doHeadersAfter(HeaderWriterFilter.java:90) ~[spring-security-web-6.5.5.jar:6.5.5]
	at org.springframework.security.web.header.HeaderWriterFilter.doFilterInternal(HeaderWriterFilter.java:75) ~[spring-security-web-6.5.5.jar:6.5.5]
	at org.springframework.web.filter.OncePerRequestFilter.doFilter(OncePerRequestFilter.java:116) ~[spring-web-6.2.11.jar:6.2.11]
	at org.springframework.security.web.FilterChainProxy$VirtualFilterChain.doFilter(FilterChainProxy.java:374) ~[spring-security-web-6.5.5.jar:6.5.5]
	at org.springframework.security.web.context.SecurityContextHolderFilter.doFilter(SecurityContextHolderFilter.java:82) ~[spring-security-web-6.5.5.jar:6.5.5]
	at org.springframework.security.web.context.SecurityContextHolderFilter.doFilter(SecurityContextHolderFilter.java:69) ~[spring-security-web-6.5.5.jar:6.5.5]
	at org.springframework.security.web.FilterChainProxy$VirtualFilterChain.doFilter(FilterChainProxy.java:374) ~[spring-security-web-6.5.5.jar:6.5.5]
	at org.springframework.security.web.context.request.async.WebAsyncManagerIntegrationFilter.doFilterInternal(WebAsyncManagerIntegrationFilter.java:62) ~[spring-security-web-6.5.5.jar:6.5.5]
	at org.springframework.web.filter.OncePerRequestFilter.doFilter(OncePerRequestFilter.java:116) ~[spring-web-6.2.11.jar:6.2.11]
	at org.springframework.security.web.FilterChainProxy$VirtualFilterChain.doFilter(FilterChainProxy.java:374) ~[spring-security-web-6.5.5.jar:6.5.5]
	at org.springframework.security.web.session.DisableEncodeUrlFilter.doFilterInternal(DisableEncodeUrlFilter.java:42) ~[spring-security-web-6.5.5.jar:6.5.5]
	at org.springframework.web.filter.OncePerRequestFilter.doFilter(OncePerRequestFilter.java:116) ~[spring-web-6.2.11.jar:6.2.11]
	at org.springframework.security.web.FilterChainProxy$VirtualFilterChain.doFilter(FilterChainProxy.java:374) ~[spring-security-web-6.5.5.jar:6.5.5]
	at org.springframework.security.web.FilterChainProxy.doFilterInternal(FilterChainProxy.java:233) ~[spring-security-web-6.5.5.jar:6.5.5]
	at org.springframework.security.web.FilterChainProxy.doFilter(FilterChainProxy.java:191) ~[spring-security-web-6.5.5.jar:6.5.5]
	at org.springframework.web.filter.CompositeFilter$VirtualFilterChain.doFilter(CompositeFilter.java:113) ~[spring-web-6.2.11.jar:6.2.11]
	at org.springframework.web.filter.ServletRequestPathFilter.doFilter(ServletRequestPathFilter.java:52) ~[spring-web-6.2.11.jar:6.2.11]
	at org.springframework.web.filter.CompositeFilter$VirtualFilterChain.doFilter(CompositeFilter.java:113) ~[spring-web-6.2.11.jar:6.2.11]
	at org.springframework.web.filter.CompositeFilter.doFilter(CompositeFilter.java:74) ~[spring-web-6.2.11.jar:6.2.11]
	at org.springframework.security.config.annotation.web.configuration.WebSecurityConfiguration$CompositeFilterChainProxy.doFilter(WebSecurityConfiguration.java:319) ~[spring-security-config-6.5.5.jar:6.5.5]
	at org.springframework.web.filter.CompositeFilter$VirtualFilterChain.doFilter(CompositeFilter.java:113) ~[spring-web-6.2.11.jar:6.2.11]
	at org.springframework.web.servlet.handler.HandlerMappingIntrospector.lambda$createCacheFilter$4(HandlerMappingIntrospector.java:267) ~[spring-webmvc-6.2.11.jar:6.2.11]
	at org.springframework.web.filter.CompositeFilter$VirtualFilterChain.doFilter(CompositeFilter.java:113) ~[spring-web-6.2.11.jar:6.2.11]
	at org.springframework.web.filter.CompositeFilter.doFilter(CompositeFilter.java:74) ~[spring-web-6.2.11.jar:6.2.11]
	at org.springframework.security.config.annotation.web.configuration.WebMvcSecurityConfiguration$CompositeFilterChainProxy.doFilter(WebMvcSecurityConfiguration.java:240) ~[spring-security-config-6.5.5.jar:6.5.5]
	at org.springframework.web.filter.DelegatingFilterProxy.invokeDelegate(DelegatingFilterProxy.java:362) ~[spring-web-6.2.11.jar:6.2.11]
	at org.springframework.web.filter.DelegatingFilterProxy.doFilter(DelegatingFilterProxy.java:278) ~[spring-web-6.2.11.jar:6.2.11]
	at org.apache.catalina.core.ApplicationFilterChain.internalDoFilter(ApplicationFilterChain.java:164) ~[tomcat-embed-core-10.1.46.jar:10.1.46]
	at org.apache.catalina.core.ApplicationFilterChain.doFilter(ApplicationFilterChain.java:140) ~[tomcat-embed-core-10.1.46.jar:10.1.46]
	at org.springframework.web.filter.RequestContextFilter.doFilterInternal(RequestContextFilter.java:100) ~[spring-web-6.2.11.jar:6.2.11]
	at org.springframework.web.filter.OncePerRequestFilter.doFilter(OncePerRequestFilter.java:116) ~[spring-web-6.2.11.jar:6.2.11]
	at org.apache.catalina.core.ApplicationFilterChain.internalDoFilter(ApplicationFilterChain.java:164) ~[tomcat-embed-core-10.1.46.jar:10.1.46]
	at org.apache.catalina.core.ApplicationFilterChain.doFilter(ApplicationFilterChain.java:140) ~[tomcat-embed-core-10.1.46.jar:10.1.46]
	at org.springframework.web.filter.FormContentFilter.doFilterInternal(FormContentFilter.java:93) ~[spring-web-6.2.11.jar:6.2.11]
	at org.springframework.web.filter.OncePerRequestFilter.doFilter(OncePerRequestFilter.java:116) ~[spring-web-6.2.11.jar:6.2.11]
	at org.apache.catalina.core.ApplicationFilterChain.internalDoFilter(ApplicationFilterChain.java:164) ~[tomcat-embed-core-10.1.46.jar:10.1.46]
	at org.apache.catalina.core.ApplicationFilterChain.doFilter(ApplicationFilterChain.java:140) ~[tomcat-embed-core-10.1.46.jar:10.1.46]
	at org.springframework.web.filter.CharacterEncodingFilter.doFilterInternal(CharacterEncodingFilter.java:201) ~[spring-web-6.2.11.jar:6.2.11]
	at org.springframework.web.filter.OncePerRequestFilter.doFilter(OncePerRequestFilter.java:116) ~[spring-web-6.2.11.jar:6.2.11]
	at org.apache.catalina.core.ApplicationFilterChain.internalDoFilter(ApplicationFilterChain.java:164) ~[tomcat-embed-core-10.1.46.jar:10.1.46]
	at org.apache.catalina.core.ApplicationFilterChain.doFilter(ApplicationFilterChain.java:140) ~[tomcat-embed-core-10.1.46.jar:10.1.46]
	at org.apache.catalina.core.StandardWrapperValve.invoke(StandardWrapperValve.java:167) ~[tomcat-embed-core-10.1.46.jar:10.1.46]
	at org.apache.catalina.core.StandardContextValve.invoke(StandardContextValve.java:90) ~[tomcat-embed-core-10.1.46.jar:10.1.46]
	at org.apache.catalina.authenticator.AuthenticatorBase.invoke(AuthenticatorBase.java:483) ~[tomcat-embed-core-10.1.46.jar:10.1.46]
	at org.apache.catalina.core.StandardHostValve.invoke(StandardHostValve.java:116) ~[tomcat-embed-core-10.1.46.jar:10.1.46]
	at org.apache.catalina.valves.ErrorReportValve.invoke(ErrorReportValve.java:93) ~[tomcat-embed-core-10.1.46.jar:10.1.46]
	at org.apache.catalina.core.StandardEngineValve.invoke(StandardEngineValve.java:74) ~[tomcat-embed-core-10.1.46.jar:10.1.46]
	at org.apache.catalina.connector.CoyoteAdapter.service(CoyoteAdapter.java:344) ~[tomcat-embed-core-10.1.46.jar:10.1.46]
	at org.apache.coyote.http11.Http11Processor.service(Http11Processor.java:398) ~[tomcat-embed-core-10.1.46.jar:10.1.46]
	at org.apache.coyote.AbstractProcessorLight.process(AbstractProcessorLight.java:63) ~[tomcat-embed-core-10.1.46.jar:10.1.46]
	at org.apache.coyote.AbstractProtocol$ConnectionHandler.process(AbstractProtocol.java:903) ~[tomcat-embed-core-10.1.46.jar:10.1.46]
	at org.apache.tomcat.util.net.NioEndpoint$SocketProcessor.doRun(NioEndpoint.java:1776) ~[tomcat-embed-core-10.1.46.jar:10.1.46]
	at org.apache.tomcat.util.net.SocketProcessorBase.run(SocketProcessorBase.java:52) ~[tomcat-embed-core-10.1.46.jar:10.1.46]
	at org.apache.tomcat.util.threads.ThreadPoolExecutor.runWorker(ThreadPoolExecutor.java:975) ~[tomcat-embed-core-10.1.46.jar:10.1.46]
	at org.apache.tomcat.util.threads.ThreadPoolExecutor$Worker.run(ThreadPoolExecutor.java:493) ~[tomcat-embed-core-10.1.46.jar:10.1.46]
	at org.apache.tomcat.util.threads.TaskThread$WrappingRunnable.run(TaskThread.java:63) ~[tomcat-embed-core-10.1.46.jar:10.1.46]
	at java.base/java.lang.Thread.run(Thread.java:1583) ~[na:na]

2025-10-30T17:23:55.537-03:00  INFO 23816 --- [http-nio-8080-exec-2] c.e.template.service.ProductService      : Obteniendo todos los productos, total: 5
2025-10-30T17:23:55.631-03:00  INFO 23816 --- [http-nio-8080-exec-6] c.e.template.service.ProductService      : Obteniendo todos los productos, total: 5
2025-10-30T17:24:16.613-03:00  INFO 23816 --- [http-nio-8080-exec-8] c.e.template.service.ProductService      : Obteniendo todos los productos, total: 5
2025-10-30T17:24:16.635-03:00  INFO 23816 --- [http-nio-8080-exec-8] c.e.template.service.ProductService      : Obteniendo todos los productos, total: 5
2025-10-30T17:26:17.680-03:00  INFO 23816 --- [http-nio-8080-exec-4] c.e.template.service.ProductService      : Obteniendo todos los productos, total: 5
2025-10-30T17:26:17.712-03:00  INFO 23816 --- [http-nio-8080-exec-2] c.e.template.service.ProductService      : Obteniendo todos los productos, total: 5
2025-10-30T17:26:17.763-03:00  INFO 23816 --- [http-nio-8080-exec-5] c.e.template.service.CartService         : Obteniendo carrito para el usuario: pedro
2025-10-30T17:26:17.801-03:00  INFO 23816 --- [http-nio-8080-exec-6] c.e.template.service.CartService         : Obteniendo carrito para el usuario: pedro
2025-10-30T17:26:28.742-03:00  INFO 23816 --- [http-nio-8080-exec-9] c.e.template.service.ProductService      : Obteniendo todos los productos, total: 5
2025-10-30T17:26:28.762-03:00  INFO 23816 --- [http-nio-8080-exec-8] c.e.template.service.ProductService      : Obteniendo todos los productos, total: 5
2025-10-30T17:26:34.251-03:00  INFO 23816 --- [http-nio-8080-exec-3] c.e.template.service.CartService         : Agregando producto con ID: 1 y cantidad: 1 al carrito del usuario: pedro
2025-10-30T17:26:34.331-03:00  INFO 23816 --- [http-nio-8080-exec-3] c.e.template.service.CartService         : Agregado nuevo producto con ID: 1 al carrito: 1
2025-10-30T17:26:36.972-03:00  INFO 23816 --- [http-nio-8080-exec-1] c.e.template.service.CartService         : Agregando producto con ID: 3 y cantidad: 1 al carrito del usuario: pedro
2025-10-30T17:26:36.984-03:00  INFO 23816 --- [http-nio-8080-exec-1] c.e.template.service.CartService         : Agregado nuevo producto con ID: 3 al carrito: 1
2025-10-30T17:26:37.971-03:00  INFO 23816 --- [http-nio-8080-exec-4] c.e.template.service.CartService         : Agregando producto con ID: 8 y cantidad: 1 al carrito del usuario: pedro
2025-10-30T17:26:37.983-03:00  INFO 23816 --- [http-nio-8080-exec-4] c.e.template.service.CartService         : Agregado nuevo producto con ID: 8 al carrito: 1
2025-10-30T17:26:38.565-03:00  INFO 23816 --- [http-nio-8080-exec-2] c.e.template.service.CartService         : Agregando producto con ID: 4 y cantidad: 1 al carrito del usuario: pedro
2025-10-30T17:26:38.575-03:00  INFO 23816 --- [http-nio-8080-exec-2] c.e.template.service.CartService         : Agregado nuevo producto con ID: 4 al carrito: 1
2025-10-30T17:26:39.045-03:00  INFO 23816 --- [http-nio-8080-exec-5] c.e.template.service.CartService         : Agregando producto con ID: 4 y cantidad: 1 al carrito del usuario: pedro
2025-10-30T17:26:39.069-03:00  INFO 23816 --- [http-nio-8080-exec-5] c.e.template.service.CartService         : Actualizada la cantidad del producto con ID: 4 en carrito: 1
2025-10-30T17:26:39.877-03:00  INFO 23816 --- [http-nio-8080-exec-6] c.e.template.service.CartService         : Agregando producto con ID: 5 y cantidad: 1 al carrito del usuario: pedro
2025-10-30T17:26:39.887-03:00  INFO 23816 --- [http-nio-8080-exec-6] c.e.template.service.CartService         : Agregado nuevo producto con ID: 5 al carrito: 1
2025-10-30T17:26:52.933-03:00  INFO 23816 --- [http-nio-8080-exec-9] c.e.template.service.CartService         : Removiendo el producto con ID: 4 del carrito del usuario con userId: pedro
2025-10-30T17:26:52.950-03:00  INFO 23816 --- [http-nio-8080-exec-9] c.e.template.service.CartService         : Producto con ID: 4 eliminado del carrito con ID: 1
2025-10-30T17:26:56.174-03:00  INFO 23816 --- [http-nio-8080-exec-10] c.e.template.service.CartService         : Removiendo el producto con ID: 5 del carrito del usuario con userId: pedro
2025-10-30T17:26:56.182-03:00  INFO 23816 --- [http-nio-8080-exec-10] c.e.template.service.CartService         : Producto con ID: 5 eliminado del carrito con ID: 1
2025-10-30T17:27:04.746-03:00  INFO 23816 --- [http-nio-8080-exec-4] c.e.template.service.ProductService      : Obteniendo todos los productos, total: 5
2025-10-30T17:27:04.766-03:00  INFO 23816 --- [http-nio-8080-exec-2] c.e.template.service.ProductService      : Obteniendo todos los productos, total: 5
2025-10-30T17:27:06.515-03:00  INFO 23816 --- [http-nio-8080-exec-5] c.e.template.service.CartService         : Agregando producto con ID: 3 y cantidad: 1 al carrito del usuario: pedro
2025-10-30T17:27:06.525-03:00  INFO 23816 --- [http-nio-8080-exec-5] c.e.template.service.CartService         : Actualizada la cantidad del producto con ID: 3 en carrito: 1
2025-10-30T17:27:06.802-03:00  INFO 23816 --- [http-nio-8080-exec-6] c.e.template.service.CartService         : Agregando producto con ID: 3 y cantidad: 1 al carrito del usuario: pedro
2025-10-30T17:27:06.811-03:00  INFO 23816 --- [http-nio-8080-exec-6] c.e.template.service.CartService         : Actualizada la cantidad del producto con ID: 3 en carrito: 1
2025-10-30T17:27:06.990-03:00  INFO 23816 --- [http-nio-8080-exec-7] c.e.template.service.CartService         : Agregando producto con ID: 3 y cantidad: 1 al carrito del usuario: pedro
2025-10-30T17:27:06.999-03:00  INFO 23816 --- [http-nio-8080-exec-7] c.e.template.service.CartService         : Actualizada la cantidad del producto con ID: 3 en carrito: 1
2025-10-30T17:27:07.681-03:00  INFO 23816 --- [http-nio-8080-exec-9] c.e.template.service.CartService         : Agregando producto con ID: 8 y cantidad: 1 al carrito del usuario: pedro
2025-10-30T17:27:07.690-03:00  INFO 23816 --- [http-nio-8080-exec-9] c.e.template.service.CartService         : Actualizada la cantidad del producto con ID: 8 en carrito: 1
2025-10-30T17:27:07.847-03:00  INFO 23816 --- [http-nio-8080-exec-8] c.e.template.service.CartService         : Agregando producto con ID: 8 y cantidad: 1 al carrito del usuario: pedro
2025-10-30T17:27:07.857-03:00  INFO 23816 --- [http-nio-8080-exec-8] c.e.template.service.CartService         : Actualizada la cantidad del producto con ID: 8 en carrito: 1
2025-10-30T17:27:08.008-03:00  INFO 23816 --- [http-nio-8080-exec-10] c.e.template.service.CartService         : Agregando producto con ID: 8 y cantidad: 1 al carrito del usuario: pedro
2025-10-30T17:27:08.018-03:00  INFO 23816 --- [http-nio-8080-exec-10] c.e.template.service.CartService         : Actualizada la cantidad del producto con ID: 8 en carrito: 1
2025-10-30T17:27:08.494-03:00  INFO 23816 --- [http-nio-8080-exec-3] c.e.template.service.CartService         : Agregando producto con ID: 4 y cantidad: 1 al carrito del usuario: pedro
2025-10-30T17:27:08.504-03:00  INFO 23816 --- [http-nio-8080-exec-3] c.e.template.service.CartService         : Agregado nuevo producto con ID: 4 al carrito: 1
2025-10-30T17:27:08.644-03:00  INFO 23816 --- [http-nio-8080-exec-1] c.e.template.service.CartService         : Agregando producto con ID: 4 y cantidad: 1 al carrito del usuario: pedro
2025-10-30T17:27:08.654-03:00  INFO 23816 --- [http-nio-8080-exec-1] c.e.template.service.CartService         : Actualizada la cantidad del producto con ID: 4 en carrito: 1
2025-10-30T17:27:08.790-03:00  INFO 23816 --- [http-nio-8080-exec-4] c.e.template.service.CartService         : Agregando producto con ID: 4 y cantidad: 1 al carrito del usuario: pedro
2025-10-30T17:27:08.799-03:00  INFO 23816 --- [http-nio-8080-exec-4] c.e.template.service.CartService         : Actualizada la cantidad del producto con ID: 4 en carrito: 1
2025-10-30T17:27:09.487-03:00  INFO 23816 --- [http-nio-8080-exec-2] c.e.template.service.CartService         : Agregando producto con ID: 1 y cantidad: 1 al carrito del usuario: pedro
2025-10-30T17:27:09.496-03:00  INFO 23816 --- [http-nio-8080-exec-2] c.e.template.service.CartService         : Actualizada la cantidad del producto con ID: 1 en carrito: 1
2025-10-30T17:27:09.891-03:00  INFO 23816 --- [http-nio-8080-exec-5] c.e.template.service.CartService         : Agregando producto con ID: 5 y cantidad: 1 al carrito del usuario: pedro
2025-10-30T17:27:09.901-03:00  INFO 23816 --- [http-nio-8080-exec-5] c.e.template.service.CartService         : Agregado nuevo producto con ID: 5 al carrito: 1
2025-10-30T17:27:16.234-03:00  INFO 23816 --- [http-nio-8080-exec-6] c.e.template.service.CartService         : Obteniendo carrito para el usuario: pedro
2025-10-30T17:27:16.286-03:00  INFO 23816 --- [http-nio-8080-exec-7] c.e.template.service.CartService         : Obteniendo carrito para el usuario: pedro
2025-10-30T17:27:24.056-03:00  INFO 23816 --- [http-nio-8080-exec-8] c.e.template.service.CartService         : Removiendo el producto con ID: 3 del carrito del usuario con userId: pedro
2025-10-30T17:27:24.064-03:00  INFO 23816 --- [http-nio-8080-exec-8] c.e.template.service.CartService         : Producto con ID: 3 eliminado del carrito con ID: 1
2025-10-30T17:27:28.316-03:00  INFO 23816 --- [http-nio-8080-exec-3] c.e.template.service.CartService         : Obteniendo carrito para el usuario: pedro
2025-10-30T17:27:28.359-03:00  INFO 23816 --- [http-nio-8080-exec-1] c.e.template.service.CartService         : Obteniendo carrito para el usuario: pedro
2025-10-30T17:27:29.935-03:00  INFO 23816 --- [http-nio-8080-exec-2] c.e.template.service.CartService         : Obteniendo carrito para el usuario: pedro
2025-10-30T17:27:29.978-03:00  INFO 23816 --- [http-nio-8080-exec-5] c.e.template.service.CartService         : Obteniendo carrito para el usuario: pedro
2025-10-30T17:27:45.331-03:00  INFO 23816 --- [http-nio-8080-exec-6] c.e.template.service.CartService         : Obteniendo carrito para el usuario: pedro
2025-10-30T17:27:45.375-03:00  INFO 23816 --- [http-nio-8080-exec-7] c.e.template.service.CartService         : Obteniendo carrito para el usuario: pedro
2025-10-30T17:27:46.696-03:00  INFO 23816 --- [http-nio-8080-exec-9] c.e.template.service.CartService         : Obteniendo carrito para el usuario: pedro
2025-10-30T17:27:46.733-03:00  INFO 23816 --- [http-nio-8080-exec-8] c.e.template.service.CartService         : Obteniendo carrito para el usuario: pedro
2025-10-30T17:27:47.994-03:00  INFO 23816 --- [http-nio-8080-exec-10] c.e.template.service.ProductService      : Obteniendo todos los productos, total: 5
2025-10-30T17:27:48.013-03:00  INFO 23816 --- [http-nio-8080-exec-3] c.e.template.service.ProductService      : Obteniendo todos los productos, total: 5
2025-10-30T17:27:52.523-03:00  INFO 23816 --- [http-nio-8080-exec-1] c.e.template.service.ProductService      : Obteniendo todos los productos, total: 5
2025-10-30T17:27:52.546-03:00  INFO 23816 --- [http-nio-8080-exec-4] c.e.template.service.CartService         : Obteniendo carrito para el usuario: pedro
2025-10-30T17:27:52.551-03:00  INFO 23816 --- [http-nio-8080-exec-2] c.e.template.service.ProductService      : Obteniendo todos los productos, total: 5
2025-10-30T17:27:52.610-03:00  INFO 23816 --- [http-nio-8080-exec-5] c.e.template.service.CartService         : Obteniendo carrito para el usuario: pedro
2025-10-30T17:30:24.715-03:00  INFO 23816 --- [http-nio-8080-exec-8] c.e.template.service.CartService         : Obteniendo carrito para el usuario: pedro
2025-10-30T17:30:24.778-03:00  INFO 23816 --- [http-nio-8080-exec-10] c.e.template.service.CartService         : Obteniendo carrito para el usuario: pedro
2025-10-30T17:30:25.945-03:00  INFO 23816 --- [http-nio-8080-exec-1] c.e.template.service.CartService         : Removiendo una unidad del producto con ID: 8 del carrito del usuario: pedro
2025-10-30T17:30:25.955-03:00  INFO 23816 --- [http-nio-8080-exec-1] c.e.template.service.CartService         : Disminuida la cantidad del producto con ID: 8 en carrito: 1
2025-10-30T17:30:26.526-03:00  INFO 23816 --- [http-nio-8080-exec-2] c.e.template.service.CartService         : Removiendo una unidad del producto con ID: 8 del carrito del usuario: pedro
2025-10-30T17:30:26.536-03:00  INFO 23816 --- [http-nio-8080-exec-2] c.e.template.service.CartService         : Disminuida la cantidad del producto con ID: 8 en carrito: 1
2025-10-30T17:30:27.953-03:00  INFO 23816 --- [http-nio-8080-exec-5] c.e.template.service.CartService         : Removiendo una unidad del producto con ID: 4 del carrito del usuario: pedro
2025-10-30T17:30:27.971-03:00  INFO 23816 --- [http-nio-8080-exec-5] c.e.template.service.CartService         : Disminuida la cantidad del producto con ID: 4 en carrito: 1
2025-10-30T17:30:28.963-03:00  INFO 23816 --- [http-nio-8080-exec-6] c.e.template.service.CartService         : Removiendo una unidad del producto con ID: 4 del carrito del usuario: pedro
2025-10-30T17:30:28.971-03:00  INFO 23816 --- [http-nio-8080-exec-6] c.e.template.service.CartService         : Disminuida la cantidad del producto con ID: 4 en carrito: 1
2025-10-30T17:30:31.516-03:00  INFO 23816 --- [http-nio-8080-exec-7] c.e.template.service.CartService         : Obteniendo carrito para el usuario: pedro
2025-10-30T17:30:31.553-03:00  INFO 23816 --- [http-nio-8080-exec-9] c.e.template.service.CartService         : Obteniendo carrito para el usuario: pedro
2025-10-30T17:30:33.456-03:00  INFO 23816 --- [http-nio-8080-exec-8] c.e.template.service.CartService         : Removiendo una unidad del producto con ID: 8 del carrito del usuario: pedro
2025-10-30T17:30:33.462-03:00  INFO 23816 --- [http-nio-8080-exec-8] c.e.template.service.CartService         : Disminuida la cantidad del producto con ID: 8 en carrito: 1
2025-10-30T17:30:34.171-03:00  INFO 23816 --- [http-nio-8080-exec-10] c.e.template.service.CartService         : Removiendo una unidad del producto con ID: 8 del carrito del usuario: pedro
2025-10-30T17:30:34.177-03:00  INFO 23816 --- [http-nio-8080-exec-10] c.e.template.service.CartService         : Producto con ID: 8 eliminado del carrito con ID: 1
2025-10-30T17:30:35.774-03:00  INFO 23816 --- [http-nio-8080-exec-3] c.e.template.service.CartService         : Removiendo el producto con ID: 5 del carrito del usuario con userId: pedro
2025-10-30T17:30:35.781-03:00  INFO 23816 --- [http-nio-8080-exec-3] c.e.template.service.CartService         : Producto con ID: 5 eliminado del carrito con ID: 1
2025-10-30T17:30:36.585-03:00  INFO 23816 --- [http-nio-8080-exec-2] c.e.template.service.CartService         : Removiendo el producto con ID: 1 del carrito del usuario con userId: pedro
2025-10-30T17:30:36.591-03:00  INFO 23816 --- [http-nio-8080-exec-2] c.e.template.service.CartService         : Producto con ID: 1 eliminado del carrito con ID: 1
2025-10-30T17:30:38.822-03:00  INFO 23816 --- [http-nio-8080-exec-4] c.e.template.service.CartService         : Obteniendo carrito para el usuario: pedro
2025-10-30T17:30:38.859-03:00  INFO 23816 --- [http-nio-8080-exec-5] c.e.template.service.CartService         : Obteniendo carrito para el usuario: pedro
2025-10-30T17:30:40.079-03:00  INFO 23816 --- [http-nio-8080-exec-6] c.e.template.service.ProductService      : Obteniendo todos los productos, total: 5
2025-10-30T17:30:40.095-03:00  INFO 23816 --- [http-nio-8080-exec-7] c.e.template.service.ProductService      : Obteniendo todos los productos, total: 5
2025-10-30T17:30:40.721-03:00  INFO 23816 --- [http-nio-8080-exec-9] c.e.template.service.CartService         : Agregando producto con ID: 3 y cantidad: 1 al carrito del usuario: pedro
2025-10-30T17:30:40.728-03:00  INFO 23816 --- [http-nio-8080-exec-9] c.e.template.service.CartService         : Agregado nuevo producto con ID: 3 al carrito: 1
2025-10-30T17:30:40.880-03:00  INFO 23816 --- [http-nio-8080-exec-8] c.e.template.service.CartService         : Agregando producto con ID: 3 y cantidad: 1 al carrito del usuario: pedro
2025-10-30T17:30:40.888-03:00  INFO 23816 --- [http-nio-8080-exec-8] c.e.template.service.CartService         : Actualizada la cantidad del producto con ID: 3 en carrito: 1
2025-10-30T17:30:41.026-03:00  INFO 23816 --- [http-nio-8080-exec-10] c.e.template.service.CartService         : Agregando producto con ID: 3 y cantidad: 1 al carrito del usuario: pedro
2025-10-30T17:30:41.032-03:00  INFO 23816 --- [http-nio-8080-exec-10] c.e.template.service.CartService         : Actualizada la cantidad del producto con ID: 3 en carrito: 1
2025-10-30T17:30:41.160-03:00  INFO 23816 --- [http-nio-8080-exec-3] c.e.template.service.CartService         : Agregando producto con ID: 3 y cantidad: 1 al carrito del usuario: pedro
2025-10-30T17:30:41.168-03:00  INFO 23816 --- [http-nio-8080-exec-3] c.e.template.service.CartService         : Actualizada la cantidad del producto con ID: 3 en carrito: 1
2025-10-30T17:30:41.720-03:00  INFO 23816 --- [http-nio-8080-exec-1] c.e.template.service.CartService         : Agregando producto con ID: 5 y cantidad: 1 al carrito del usuario: pedro
2025-10-30T17:30:41.727-03:00  INFO 23816 --- [http-nio-8080-exec-1] c.e.template.service.CartService         : Agregado nuevo producto con ID: 5 al carrito: 1
2025-10-30T17:30:41.861-03:00  INFO 23816 --- [http-nio-8080-exec-2] c.e.template.service.CartService         : Agregando producto con ID: 5 y cantidad: 1 al carrito del usuario: pedro
2025-10-30T17:30:41.869-03:00  INFO 23816 --- [http-nio-8080-exec-2] c.e.template.service.CartService         : Actualizada la cantidad del producto con ID: 5 en carrito: 1
2025-10-30T17:30:41.984-03:00  INFO 23816 --- [http-nio-8080-exec-4] c.e.template.service.CartService         : Agregando producto con ID: 5 y cantidad: 1 al carrito del usuario: pedro
2025-10-30T17:30:41.993-03:00  INFO 23816 --- [http-nio-8080-exec-4] c.e.template.service.CartService         : Actualizada la cantidad del producto con ID: 5 en carrito: 1
2025-10-30T17:30:42.105-03:00  INFO 23816 --- [http-nio-8080-exec-5] c.e.template.service.CartService         : Agregando producto con ID: 5 y cantidad: 1 al carrito del usuario: pedro
2025-10-30T17:30:42.116-03:00  INFO 23816 --- [http-nio-8080-exec-5] c.e.template.service.CartService         : Actualizada la cantidad del producto con ID: 5 en carrito: 1
2025-10-30T17:30:42.645-03:00  INFO 23816 --- [http-nio-8080-exec-6] c.e.template.service.CartService         : Agregando producto con ID: 1 y cantidad: 1 al carrito del usuario: pedro
2025-10-30T17:30:42.653-03:00  INFO 23816 --- [http-nio-8080-exec-6] c.e.template.service.CartService         : Agregado nuevo producto con ID: 1 al carrito: 1
2025-10-30T17:30:42.988-03:00  INFO 23816 --- [http-nio-8080-exec-7] c.e.template.service.CartService         : Agregando producto con ID: 8 y cantidad: 1 al carrito del usuario: pedro
2025-10-30T17:30:42.995-03:00  INFO 23816 --- [http-nio-8080-exec-7] c.e.template.service.CartService         : Agregado nuevo producto con ID: 8 al carrito: 1
2025-10-30T17:30:43.526-03:00  INFO 23816 --- [http-nio-8080-exec-9] c.e.template.service.CartService         : Agregando producto con ID: 4 y cantidad: 1 al carrito del usuario: pedro
2025-10-30T17:30:43.534-03:00  INFO 23816 --- [http-nio-8080-exec-9] c.e.template.service.CartService         : Actualizada la cantidad del producto con ID: 4 en carrito: 1
2025-10-30T17:30:46.285-03:00  INFO 23816 --- [http-nio-8080-exec-10] c.e.template.service.CartService         : Removiendo una unidad del producto con ID: 3 del carrito del usuario: pedro
2025-10-30T17:30:46.290-03:00  INFO 23816 --- [http-nio-8080-exec-10] c.e.template.service.CartService         : Disminuida la cantidad del producto con ID: 3 en carrito: 1
2025-10-30T17:30:49.668-03:00  INFO 23816 --- [http-nio-8080-exec-1] c.e.template.service.CartService         : Removiendo una unidad del producto con ID: 5 del carrito del usuario: pedro
2025-10-30T17:30:49.677-03:00  INFO 23816 --- [http-nio-8080-exec-1] c.e.template.service.CartService         : Disminuida la cantidad del producto con ID: 5 en carrito: 1
2025-10-30T17:30:51.886-03:00  INFO 23816 --- [http-nio-8080-exec-2] c.e.template.service.CartService         : Removiendo una unidad del producto con ID: 5 del carrito del usuario: pedro
2025-10-30T17:30:51.892-03:00  INFO 23816 --- [http-nio-8080-exec-2] c.e.template.service.CartService         : Disminuida la cantidad del producto con ID: 5 en carrito: 1
2025-10-30T17:30:53.010-03:00  INFO 23816 --- [http-nio-8080-exec-4] c.e.template.service.CartService         : Removiendo una unidad del producto con ID: 5 del carrito del usuario: pedro
2025-10-30T17:30:53.017-03:00  INFO 23816 --- [http-nio-8080-exec-4] c.e.template.service.CartService         : Disminuida la cantidad del producto con ID: 5 en carrito: 1
2025-10-30T17:30:54.410-03:00  INFO 23816 --- [http-nio-8080-exec-5] c.e.template.service.CartService         : Removiendo una unidad del producto con ID: 3 del carrito del usuario: pedro
2025-10-30T17:30:54.415-03:00  INFO 23816 --- [http-nio-8080-exec-5] c.e.template.service.CartService         : Disminuida la cantidad del producto con ID: 3 en carrito: 1
2025-10-30T17:30:55.571-03:00  INFO 23816 --- [http-nio-8080-exec-6] c.e.template.service.CartService         : Removiendo una unidad del producto con ID: 3 del carrito del usuario: pedro
2025-10-30T17:30:55.576-03:00  INFO 23816 --- [http-nio-8080-exec-6] c.e.template.service.CartService         : Disminuida la cantidad del producto con ID: 3 en carrito: 1
2025-10-30T17:31:00.534-03:00  INFO 23816 --- [http-nio-8080-exec-7] c.e.template.service.ProductService      : Obteniendo todos los productos, total: 5
2025-10-30T17:31:00.557-03:00  INFO 23816 --- [http-nio-8080-exec-9] c.e.template.service.ProductService      : Obteniendo todos los productos, total: 5
2025-10-30T17:31:01.092-03:00  INFO 23816 --- [http-nio-8080-exec-8] c.e.template.service.CartService         : Agregando producto con ID: 3 y cantidad: 1 al carrito del usuario: pedro
2025-10-30T17:31:01.099-03:00  INFO 23816 --- [http-nio-8080-exec-8] c.e.template.service.CartService         : Actualizada la cantidad del producto con ID: 3 en carrito: 1
2025-10-30T17:31:01.249-03:00  INFO 23816 --- [http-nio-8080-exec-10] c.e.template.service.CartService         : Agregando producto con ID: 3 y cantidad: 1 al carrito del usuario: pedro
2025-10-30T17:31:01.256-03:00  INFO 23816 --- [http-nio-8080-exec-10] c.e.template.service.CartService         : Actualizada la cantidad del producto con ID: 3 en carrito: 1
2025-10-30T17:31:01.400-03:00  INFO 23816 --- [http-nio-8080-exec-3] c.e.template.service.CartService         : Agregando producto con ID: 3 y cantidad: 1 al carrito del usuario: pedro
2025-10-30T17:31:01.406-03:00  INFO 23816 --- [http-nio-8080-exec-3] c.e.template.service.CartService         : Actualizada la cantidad del producto con ID: 3 en carrito: 1
2025-10-30T17:31:01.534-03:00  INFO 23816 --- [http-nio-8080-exec-1] c.e.template.service.CartService         : Agregando producto con ID: 3 y cantidad: 1 al carrito del usuario: pedro
2025-10-30T17:31:01.541-03:00  INFO 23816 --- [http-nio-8080-exec-1] c.e.template.service.CartService         : Actualizada la cantidad del producto con ID: 3 en carrito: 1
2025-10-30T17:31:01.669-03:00  INFO 23816 --- [http-nio-8080-exec-2] c.e.template.service.CartService         : Agregando producto con ID: 3 y cantidad: 1 al carrito del usuario: pedro
2025-10-30T17:31:01.676-03:00  INFO 23816 --- [http-nio-8080-exec-2] c.e.template.service.CartService         : Actualizada la cantidad del producto con ID: 3 en carrito: 1
2025-10-30T17:31:02.067-03:00  INFO 23816 --- [http-nio-8080-exec-4] c.e.template.service.CartService         : Agregando producto con ID: 8 y cantidad: 1 al carrito del usuario: pedro
2025-10-30T17:31:02.075-03:00  INFO 23816 --- [http-nio-8080-exec-4] c.e.template.service.CartService         : Actualizada la cantidad del producto con ID: 8 en carrito: 1
2025-10-30T17:31:02.221-03:00  INFO 23816 --- [http-nio-8080-exec-5] c.e.template.service.CartService         : Agregando producto con ID: 8 y cantidad: 1 al carrito del usuario: pedro
2025-10-30T17:31:02.228-03:00  INFO 23816 --- [http-nio-8080-exec-5] c.e.template.service.CartService         : Actualizada la cantidad del producto con ID: 8 en carrito: 1
2025-10-30T17:31:02.424-03:00  INFO 23816 --- [http-nio-8080-exec-6] c.e.template.service.CartService         : Agregando producto con ID: 8 y cantidad: 1 al carrito del usuario: pedro
2025-10-30T17:31:02.432-03:00  INFO 23816 --- [http-nio-8080-exec-6] c.e.template.service.CartService         : Actualizada la cantidad del producto con ID: 8 en carrito: 1
2025-10-30T17:31:02.776-03:00  INFO 23816 --- [http-nio-8080-exec-7] c.e.template.service.CartService         : Agregando producto con ID: 4 y cantidad: 1 al carrito del usuario: pedro
2025-10-30T17:31:02.783-03:00  INFO 23816 --- [http-nio-8080-exec-7] c.e.template.service.CartService         : Actualizada la cantidad del producto con ID: 4 en carrito: 1
2025-10-30T17:31:02.930-03:00  INFO 23816 --- [http-nio-8080-exec-9] c.e.template.service.CartService         : Agregando producto con ID: 4 y cantidad: 1 al carrito del usuario: pedro
2025-10-30T17:31:02.936-03:00  INFO 23816 --- [http-nio-8080-exec-9] c.e.template.service.CartService         : Actualizada la cantidad del producto con ID: 4 en carrito: 1
2025-10-30T17:31:03.062-03:00  INFO 23816 --- [http-nio-8080-exec-8] c.e.template.service.CartService         : Agregando producto con ID: 4 y cantidad: 1 al carrito del usuario: pedro
2025-10-30T17:31:03.068-03:00  INFO 23816 --- [http-nio-8080-exec-8] c.e.template.service.CartService         : Actualizada la cantidad del producto con ID: 4 en carrito: 1
2025-10-30T17:31:03.203-03:00  INFO 23816 --- [http-nio-8080-exec-10] c.e.template.service.CartService         : Agregando producto con ID: 4 y cantidad: 1 al carrito del usuario: pedro
2025-10-30T17:31:03.209-03:00  INFO 23816 --- [http-nio-8080-exec-10] c.e.template.service.CartService         : Actualizada la cantidad del producto con ID: 4 en carrito: 1
2025-10-30T17:31:03.346-03:00  INFO 23816 --- [http-nio-8080-exec-3] c.e.template.service.CartService         : Agregando producto con ID: 4 y cantidad: 1 al carrito del usuario: pedro
2025-10-30T17:31:03.353-03:00  INFO 23816 --- [http-nio-8080-exec-3] c.e.template.service.CartService         : Actualizada la cantidad del producto con ID: 4 en carrito: 1
2025-10-30T17:31:03.585-03:00  INFO 23816 --- [http-nio-8080-exec-1] c.e.template.service.CartService         : Agregando producto con ID: 4 y cantidad: 1 al carrito del usuario: pedro
2025-10-30T17:31:03.591-03:00  INFO 23816 --- [http-nio-8080-exec-1] c.e.template.service.CartService         : Actualizada la cantidad del producto con ID: 4 en carrito: 1
2025-10-30T17:31:03.710-03:00  INFO 23816 --- [http-nio-8080-exec-2] c.e.template.service.CartService         : Agregando producto con ID: 4 y cantidad: 1 al carrito del usuario: pedro
2025-10-30T17:31:03.717-03:00  INFO 23816 --- [http-nio-8080-exec-2] c.e.template.service.CartService         : Actualizada la cantidad del producto con ID: 4 en carrito: 1
2025-10-30T17:31:04.070-03:00  INFO 23816 --- [http-nio-8080-exec-4] c.e.template.service.CartService         : Agregando producto con ID: 5 y cantidad: 1 al carrito del usuario: pedro
2025-10-30T17:31:04.077-03:00  INFO 23816 --- [http-nio-8080-exec-4] c.e.template.service.CartService         : Actualizada la cantidad del producto con ID: 5 en carrito: 1
2025-10-30T17:31:04.233-03:00  INFO 23816 --- [http-nio-8080-exec-5] c.e.template.service.CartService         : Agregando producto con ID: 5 y cantidad: 1 al carrito del usuario: pedro
2025-10-30T17:31:04.240-03:00  INFO 23816 --- [http-nio-8080-exec-5] c.e.template.service.CartService         : Actualizada la cantidad del producto con ID: 5 en carrito: 1
2025-10-30T17:31:04.367-03:00  INFO 23816 --- [http-nio-8080-exec-6] c.e.template.service.CartService         : Agregando producto con ID: 5 y cantidad: 1 al carrito del usuario: pedro
2025-10-30T17:31:04.373-03:00  INFO 23816 --- [http-nio-8080-exec-6] c.e.template.service.CartService         : Actualizada la cantidad del producto con ID: 5 en carrito: 1
2025-10-30T17:31:04.744-03:00  INFO 23816 --- [http-nio-8080-exec-7] c.e.template.service.CartService         : Agregando producto con ID: 1 y cantidad: 1 al carrito del usuario: pedro
2025-10-30T17:31:04.752-03:00  INFO 23816 --- [http-nio-8080-exec-7] c.e.template.service.CartService         : Actualizada la cantidad del producto con ID: 1 en carrito: 1
2025-10-30T17:31:04.897-03:00  INFO 23816 --- [http-nio-8080-exec-9] c.e.template.service.CartService         : Agregando producto con ID: 1 y cantidad: 1 al carrito del usuario: pedro
2025-10-30T17:31:04.903-03:00  INFO 23816 --- [http-nio-8080-exec-9] c.e.template.service.CartService         : Actualizada la cantidad del producto con ID: 1 en carrito: 1
2025-10-30T17:31:05.035-03:00  INFO 23816 --- [http-nio-8080-exec-8] c.e.template.service.CartService         : Agregando producto con ID: 1 y cantidad: 1 al carrito del usuario: pedro
2025-10-30T17:31:05.041-03:00  INFO 23816 --- [http-nio-8080-exec-8] c.e.template.service.CartService         : Actualizada la cantidad del producto con ID: 1 en carrito: 1
2025-10-30T17:31:05.141-03:00  INFO 23816 --- [http-nio-8080-exec-10] c.e.template.service.CartService         : Agregando producto con ID: 1 y cantidad: 1 al carrito del usuario: pedro
2025-10-30T17:31:05.147-03:00  INFO 23816 --- [http-nio-8080-exec-10] c.e.template.service.CartService         : Actualizada la cantidad del producto con ID: 1 en carrito: 1
2025-10-30T17:31:08.508-03:00  INFO 23816 --- [http-nio-8080-exec-3] c.e.template.service.CartService         : Removiendo una unidad del producto con ID: 4 del carrito del usuario: pedro
2025-10-30T17:31:08.513-03:00  INFO 23816 --- [http-nio-8080-exec-3] c.e.template.service.CartService         : Disminuida la cantidad del producto con ID: 4 en carrito: 1
2025-10-30T17:31:10.666-03:00  INFO 23816 --- [http-nio-8080-exec-1] c.e.template.service.CartService         : Removiendo una unidad del producto con ID: 4 del carrito del usuario: pedro
2025-10-30T17:31:10.672-03:00  INFO 23816 --- [http-nio-8080-exec-1] c.e.template.service.CartService         : Disminuida la cantidad del producto con ID: 4 en carrito: 1
2025-10-30T17:31:18.641-03:00  INFO 23816 --- [http-nio-8080-exec-2] c.e.template.service.CartService         : Removiendo una unidad del producto con ID: 3 del carrito del usuario: pedro
2025-10-30T17:31:18.646-03:00  INFO 23816 --- [http-nio-8080-exec-2] c.e.template.service.CartService         : Disminuida la cantidad del producto con ID: 3 en carrito: 1
2025-10-30T17:31:19.171-03:00  INFO 23816 --- [http-nio-8080-exec-4] c.e.template.service.CartService         : Removiendo una unidad del producto con ID: 3 del carrito del usuario: pedro
2025-10-30T17:31:19.177-03:00  INFO 23816 --- [http-nio-8080-exec-4] c.e.template.service.CartService         : Disminuida la cantidad del producto con ID: 3 en carrito: 1
2025-10-30T17:31:20.456-03:00  INFO 23816 --- [http-nio-8080-exec-5] c.e.template.service.CartService         : Removiendo una unidad del producto con ID: 8 del carrito del usuario: pedro
2025-10-30T17:31:20.460-03:00  INFO 23816 --- [http-nio-8080-exec-5] c.e.template.service.CartService         : Disminuida la cantidad del producto con ID: 8 en carrito: 1
2025-10-30T17:31:20.915-03:00  INFO 23816 --- [http-nio-8080-exec-6] c.e.template.service.CartService         : Removiendo una unidad del producto con ID: 8 del carrito del usuario: pedro
2025-10-30T17:31:20.922-03:00  INFO 23816 --- [http-nio-8080-exec-6] c.e.template.service.CartService         : Disminuida la cantidad del producto con ID: 8 en carrito: 1
2025-10-30T17:31:23.238-03:00  INFO 23816 --- [http-nio-8080-exec-7] c.e.template.service.CartService         : Removiendo una unidad del producto con ID: 5 del carrito del usuario: pedro
2025-10-30T17:31:23.244-03:00  INFO 23816 --- [http-nio-8080-exec-7] c.e.template.service.CartService         : Disminuida la cantidad del producto con ID: 5 en carrito: 1
2025-10-30T17:31:23.786-03:00  INFO 23816 --- [http-nio-8080-exec-9] c.e.template.service.CartService         : Removiendo una unidad del producto con ID: 5 del carrito del usuario: pedro
2025-10-30T17:31:23.791-03:00  INFO 23816 --- [http-nio-8080-exec-9] c.e.template.service.CartService         : Disminuida la cantidad del producto con ID: 5 en carrito: 1
2025-10-30T17:31:25.548-03:00  INFO 23816 --- [http-nio-8080-exec-10] c.e.template.service.CartService         : Removiendo una unidad del producto con ID: 1 del carrito del usuario: pedro
2025-10-30T17:31:25.554-03:00  INFO 23816 --- [http-nio-8080-exec-10] c.e.template.service.CartService         : Disminuida la cantidad del producto con ID: 1 en carrito: 1
2025-10-30T17:31:26.019-03:00  INFO 23816 --- [http-nio-8080-exec-3] c.e.template.service.CartService         : Removiendo una unidad del producto con ID: 1 del carrito del usuario: pedro
2025-10-30T17:31:26.025-03:00  INFO 23816 --- [http-nio-8080-exec-3] c.e.template.service.CartService         : Disminuida la cantidad del producto con ID: 1 en carrito: 1
2025-10-30T17:31:27.734-03:00  INFO 23816 --- [http-nio-8080-exec-1] c.e.template.service.CartService         : Removiendo una unidad del producto con ID: 4 del carrito del usuario: pedro
2025-10-30T17:31:27.739-03:00  INFO 23816 --- [http-nio-8080-exec-1] c.e.template.service.CartService         : Disminuida la cantidad del producto con ID: 4 en carrito: 1
2025-10-30T17:31:28.246-03:00  INFO 23816 --- [http-nio-8080-exec-2] c.e.template.service.CartService         : Removiendo una unidad del producto con ID: 4 del carrito del usuario: pedro
2025-10-30T17:31:28.254-03:00  INFO 23816 --- [http-nio-8080-exec-2] c.e.template.service.CartService         : Disminuida la cantidad del producto con ID: 4 en carrito: 1
2025-10-30T17:31:29.002-03:00  INFO 23816 --- [http-nio-8080-exec-4] c.e.template.service.CartService         : Removiendo una unidad del producto con ID: 3 del carrito del usuario: pedro
2025-10-30T17:31:29.007-03:00  INFO 23816 --- [http-nio-8080-exec-4] c.e.template.service.CartService         : Disminuida la cantidad del producto con ID: 3 en carrito: 1
2025-10-30T17:31:29.376-03:00  INFO 23816 --- [http-nio-8080-exec-5] c.e.template.service.CartService         : Removiendo una unidad del producto con ID: 3 del carrito del usuario: pedro
2025-10-30T17:31:29.381-03:00  INFO 23816 --- [http-nio-8080-exec-5] c.e.template.service.CartService         : Disminuida la cantidad del producto con ID: 3 en carrito: 1
2025-10-30T17:31:29.983-03:00  INFO 23816 --- [http-nio-8080-exec-6] c.e.template.service.CartService         : Removiendo una unidad del producto con ID: 8 del carrito del usuario: pedro
2025-10-30T17:31:29.988-03:00  INFO 23816 --- [http-nio-8080-exec-6] c.e.template.service.CartService         : Disminuida la cantidad del producto con ID: 8 en carrito: 1
2025-10-30T17:31:30.347-03:00  INFO 23816 --- [http-nio-8080-exec-7] c.e.template.service.CartService         : Removiendo una unidad del producto con ID: 8 del carrito del usuario: pedro
2025-10-30T17:31:30.352-03:00  INFO 23816 --- [http-nio-8080-exec-7] c.e.template.service.CartService         : Producto con ID: 8 eliminado del carrito con ID: 1
2025-10-30T17:31:30.902-03:00  INFO 23816 --- [http-nio-8080-exec-9] c.e.template.service.CartService         : Removiendo una unidad del producto con ID: 5 del carrito del usuario: pedro
2025-10-30T17:31:30.907-03:00  INFO 23816 --- [http-nio-8080-exec-9] c.e.template.service.CartService         : Disminuida la cantidad del producto con ID: 5 en carrito: 1
2025-10-30T17:31:31.364-03:00  INFO 23816 --- [http-nio-8080-exec-8] c.e.template.service.CartService         : Removiendo una unidad del producto con ID: 5 del carrito del usuario: pedro
2025-10-30T17:31:31.370-03:00  INFO 23816 --- [http-nio-8080-exec-8] c.e.template.service.CartService         : Producto con ID: 5 eliminado del carrito con ID: 1
2025-10-30T17:31:31.920-03:00  INFO 23816 --- [http-nio-8080-exec-10] c.e.template.service.CartService         : Removiendo una unidad del producto con ID: 1 del carrito del usuario: pedro
2025-10-30T17:31:31.925-03:00  INFO 23816 --- [http-nio-8080-exec-10] c.e.template.service.CartService         : Disminuida la cantidad del producto con ID: 1 en carrito: 1
2025-10-30T17:31:32.255-03:00  INFO 23816 --- [http-nio-8080-exec-3] c.e.template.service.CartService         : Removiendo una unidad del producto con ID: 1 del carrito del usuario: pedro
2025-10-30T17:31:32.260-03:00  INFO 23816 --- [http-nio-8080-exec-3] c.e.template.service.CartService         : Disminuida la cantidad del producto con ID: 1 en carrito: 1
2025-10-30T17:31:32.921-03:00  INFO 23816 --- [http-nio-8080-exec-1] c.e.template.service.CartService         : Removiendo una unidad del producto con ID: 4 del carrito del usuario: pedro
2025-10-30T17:31:32.925-03:00  INFO 23816 --- [http-nio-8080-exec-1] c.e.template.service.CartService         : Disminuida la cantidad del producto con ID: 4 en carrito: 1
2025-10-30T17:31:33.247-03:00  INFO 23816 --- [http-nio-8080-exec-2] c.e.template.service.CartService         : Removiendo una unidad del producto con ID: 4 del carrito del usuario: pedro
2025-10-30T17:31:33.253-03:00  INFO 23816 --- [http-nio-8080-exec-2] c.e.template.service.CartService         : Disminuida la cantidad del producto con ID: 4 en carrito: 1
2025-10-30T17:31:33.897-03:00  INFO 23816 --- [http-nio-8080-exec-4] c.e.template.service.CartService         : Removiendo una unidad del producto con ID: 3 del carrito del usuario: pedro
2025-10-30T17:31:33.903-03:00  INFO 23816 --- [http-nio-8080-exec-4] c.e.template.service.CartService         : Disminuida la cantidad del producto con ID: 3 en carrito: 1
2025-10-30T17:31:34.253-03:00  INFO 23816 --- [http-nio-8080-exec-5] c.e.template.service.CartService         : Removiendo una unidad del producto con ID: 3 del carrito del usuario: pedro
2025-10-30T17:31:34.258-03:00  INFO 23816 --- [http-nio-8080-exec-5] c.e.template.service.CartService         : Producto con ID: 3 eliminado del carrito con ID: 1
2025-10-30T17:31:34.809-03:00  INFO 23816 --- [http-nio-8080-exec-6] c.e.template.service.CartService         : Removiendo una unidad del producto con ID: 1 del carrito del usuario: pedro
2025-10-30T17:31:34.814-03:00  INFO 23816 --- [http-nio-8080-exec-6] c.e.template.service.CartService         : Producto con ID: 1 eliminado del carrito con ID: 1
2025-10-30T17:31:35.104-03:00  INFO 23816 --- [http-nio-8080-exec-7] c.e.template.service.CartService         : Removiendo una unidad del producto con ID: 4 del carrito del usuario: pedro
2025-10-30T17:31:35.108-03:00  INFO 23816 --- [http-nio-8080-exec-7] c.e.template.service.CartService         : Disminuida la cantidad del producto con ID: 4 en carrito: 1
2025-10-30T17:31:35.526-03:00  INFO 23816 --- [http-nio-8080-exec-9] c.e.template.service.CartService         : Removiendo una unidad del producto con ID: 4 del carrito del usuario: pedro
2025-10-30T17:31:35.531-03:00  INFO 23816 --- [http-nio-8080-exec-9] c.e.template.service.CartService         : Disminuida la cantidad del producto con ID: 4 en carrito: 1
2025-10-30T17:31:35.949-03:00  INFO 23816 --- [http-nio-8080-exec-8] c.e.template.service.CartService         : Removiendo una unidad del producto con ID: 4 del carrito del usuario: pedro
2025-10-30T17:31:35.955-03:00  INFO 23816 --- [http-nio-8080-exec-8] c.e.template.service.CartService         : Producto con ID: 4 eliminado del carrito con ID: 1
2025-10-30T17:31:37.145-03:00  INFO 23816 --- [http-nio-8080-exec-10] c.e.template.service.ProductService      : Obteniendo todos los productos, total: 5
2025-10-30T17:31:37.164-03:00  INFO 23816 --- [http-nio-8080-exec-3] c.e.template.service.ProductService      : Obteniendo todos los productos, total: 5
2025-10-30T17:35:42.948-03:00  INFO 23816 --- [SpringApplicationShutdownHook] o.s.b.w.e.tomcat.GracefulShutdown        : Commencing graceful shutdown. Waiting for active requests to complete
2025-10-30T17:35:42.954-03:00  INFO 23816 --- [tomcat-shutdown] o.s.b.w.e.tomcat.GracefulShutdown        : Graceful shutdown complete
2025-10-30T17:35:42.960-03:00  INFO 23816 --- [SpringApplicationShutdownHook] j.LocalContainerEntityManagerFactoryBean : Closing JPA EntityManagerFactory for persistence unit 'default'
2025-10-30T17:35:42.962-03:00  INFO 23816 --- [SpringApplicationShutdownHook] com.zaxxer.hikari.HikariDataSource       : HikariPool-1 - Shutdown initiated...
2025-10-30T17:35:42.972-03:00  INFO 23816 --- [SpringApplicationShutdownHook] com.zaxxer.hikari.HikariDataSource       : HikariPool-1 - Shutdown completed.
